[demo-themewinter.com/gloreya/restaurant/index.html]
[backblue.gif]
[fade.gif]
[index.html]
[demo-themewinter.com/gloreya/restaurant/wp-content/plugins/elementor/assets/css/frontend.mine689.css]
[demo-themewinter.com/gloreya/restaurant/comments/feed/index.html]
[demo-themewinter.com/gloreya/restaurant/feed/index.html]
[demo-themewinter.com/gloreya/restaurant/wp-content/uploads/sites/2/elementor/css/post-2014dc05.css]
[demo-themewinter.com/gloreya/restaurant/wp-content/uploads/sites/2/elementor/css/post-2430dc05.css]
[demo-themewinter.com/gloreya/restaurant/wp-content/plugins/contact-form-7/includes/css/styles1eb7.css]
[demo-themewinter.com/gloreya/restaurant/wp-content/plugins/woocommerce/assets/css/woocommerce-layoutab9f.css]
[demo-themewinter.com/gloreya/restaurant/wp-content/plugins/woocommerce/assets/css/woocommerce-smallscreenab9f.css]
[demo-themewinter.com/gloreya/restaurant/wp-content/plugins/woocommerce/assets/css/woocommerceab9f.css]
[demo-themewinter.com/gloreya/restaurant/wp-content/plugins/woocommerce/assets/css/brandsab9f.css]
[demo-themewinter.com/gloreya/restaurant/wp-content/plugins/metform/public/assets/lib/cute-alert/style657a.css]
[demo-themewinter.com/gloreya/restaurant/wp-content/plugins/metform/public/assets/css/text-editor657a.css]
[demo-themewinter.com/gloreya/restaurant/wp-content/plugins/wp-ultimate-review/assets/public/css/content-page25b6.css]
[demo-themewinter.com/gloreya/restaurant/wp-includes/css/dashicons.min9704.css]
[demo-themewinter.com/gloreya/restaurant/wp-content/plugins/wp-cafe/assets/css/flatpickr.mind4e0.css]
[demo-themewinter.com/gloreya/restaurant/wp-content/plugins/wp-cafe/assets/css/jquery.timepicker.mind4e0.css]
[demo-themewinter.com/gloreya/restaurant/wp-content/plugins/wp-cafe/assets/css/wpc-icond4e0.css]
[demo-themewinter.com/gloreya/restaurant/wp-content/plugins/wp-cafe/assets/css/wpc-publicd4e0.css]
[demo-themewinter.com/gloreya/restaurant/wp-content/themes/gloreya/core/parallax/assets/css/styleffdc.css]
[demo-themewinter.com/gloreya/restaurant/wp-content/themes/gloreya/assets/css/bootstrap.minffdc.css]
[demo-themewinter.com/gloreya/restaurant/wp-content/themes/gloreya/assets/css/font-awesomeffdc.css]
[demo-themewinter.com/gloreya/restaurant/wp-content/themes/gloreya/assets/css/iconfontffdc.css]
[demo-themewinter.com/gloreya/restaurant/wp-content/themes/gloreya/assets/css/magnific-popupffdc.css]
[demo-themewinter.com/gloreya/restaurant/wp-content/themes/gloreya/assets/css/owl.carousel.minffdc.css]
[demo-themewinter.com/gloreya/restaurant/wp-content/themes/gloreya/assets/css/woocommerceffdc.css]
[demo-themewinter.com/gloreya/restaurant/wp-content/themes/gloreya/assets/css/gutenberg-customffdc.css]
[demo-themewinter.com/gloreya/restaurant/wp-content/themes/gloreya/assets/css/masterffdc.css]
[demo-themewinter.com/gloreya/restaurant/wp-content/plugins/elementor/assets/lib/eicons/css/elementor-icons.minf25c.css]
[demo-themewinter.com/gloreya/restaurant/wp-content/uploads/sites/2/elementor/css/post-8e5a9.css]
[demo-themewinter.com/gloreya/restaurant/wp-content/uploads/sites/2/elementor/css/post-10e5a9.css]
[demo-themewinter.com/gloreya/restaurant/wp-content/plugins/elementskit-lite/widgets/init/assets/css/widget-styles6b00.css]
[demo-themewinter.com/gloreya/restaurant/wp-content/plugins/elementskit-lite/widgets/init/assets/css/responsive6b00.css]
[demo-themewinter.com/gloreya/restaurant/wp-content/plugins/elementskit-lite/modules/elementskit-icon-pack/assets/css/ekiticons6b00.css]
[demo-themewinter.com/gloreya/restaurant/wp-content/plugins/elementor/assets/lib/font-awesome/css/fontawesome.min52d5.css]
[demo-themewinter.com/gloreya/restaurant/wp-content/plugins/elementor/assets/lib/font-awesome/css/solid.min52d5.css]
[demo-themewinter.com/gloreya/restaurant/wp-content/plugins/elementor/assets/lib/font-awesome/css/brands.min52d5.css]
[demo-themewinter.com/gloreya/restaurant/wp-includes/js/jquery/jquery.minf43b.js]
[demo-themewinter.com/gloreya/restaurant/wp-includes/js/jquery/jquery-migrate.min5589.js]
[demo-themewinter.com/gloreya/restaurant/wp-content/plugins/woocommerce/assets/js/jquery-blockui/jquery.blockUI.mindbbd.js]
[demo-themewinter.com/gloreya/restaurant/wp-content/plugins/woocommerce/assets/js/frontend/add-to-cart.minab9f.js]
[demo-themewinter.com/gloreya/restaurant/wp-content/plugins/woocommerce/assets/js/js-cookie/js.cookie.min9da1.js]
[demo-themewinter.com/gloreya/restaurant/wp-content/plugins/woocommerce/assets/js/frontend/woocommerce.minab9f.js]
[demo-themewinter.com/gloreya/restaurant/wp-content/plugins/wp-ultimate-review/assets/public/script/content-page25b6.js]
[demo-themewinter.com/gloreya/restaurant/wp-content/plugins/woocommerce/assets/js/frontend/cart-fragments.minab9f.js]
[demo-themewinter.com/gloreya/restaurant/wp-content/themes/gloreya/core/parallax/assets/js/jarallaxffdc.js]
[demo-themewinter.com/gloreya/restaurant/wp-json/wp/v2/pages/10.json]
[demo-themewinter.com/gloreya/restaurant/wp-json/index.html]
[demo-themewinter.com/gloreya/restaurant/xmlrpc0db0.php]
[demo-themewinter.com/gloreya/restaurant/wp-json/oembed/1.0/embed0cf6.json]
[demo-themewinter.com/gloreya/restaurant/wp-json/oembed/1.0/embed63f2]
[demo-themewinter.com/gloreya/restaurant/wp-content/plugins/woocommerce/assets/fonts/Inter-VariableFont_slnt,wght.woff2]
[demo-themewinter.com/gloreya/restaurant/wp-content/plugins/woocommerce/assets/fonts/cardo_normal_400.woff2]
[demo-themewinter.com/gloreya/restaurant/wp-content/uploads/sites/2/2021/01/header_logo.png]
[demo-themewinter.com/gloreya/restaurant/menu/index.html]
[demo-themewinter.com/gloreya/restaurant/product-category/catering/index.html]
[demo-themewinter.com/gloreya/restaurant/about-us/index.html]
[demo-themewinter.com/gloreya/restaurant/wp-content/uploads/sites/2/2021/01/title_shape.png]
[demo-themewinter.com/gloreya/restaurant/gallery/index.html]
[demo-themewinter.com/gloreya/restaurant/team/index.html]
[demo-themewinter.com/gloreya/restaurant/contact/index.html]
[demo-themewinter.com/gloreya/restaurant/shop/index.html]
[demo-themewinter.com/gloreya/restaurant/wp-content/uploads/sites/2/2021/01/hero_area_sub-heading_shape2.png]
[demo-themewinter.com/gloreya/restaurant/cart/index.html]
[demo-themewinter.com/gloreya/restaurant/faq/index.html]
[demo-themewinter.com/gloreya/restaurant/my-account/index.html]
[demo-themewinter.com/gloreya/restaurant/wp-content/uploads/sites/2/2021/01/welcome_image1.png]
[demo-themewinter.com/gloreya/restaurant/category/burger/index.html]
[demo-themewinter.com/gloreya/restaurant/wp-content/uploads/sites/2/2021/01/welcome_image2.png]
[demo-themewinter.com/gloreya/restaurant/blog/index.html]
[demo-themewinter.com/gloreya/restaurant/wp-content/uploads/sites/2/2019/10/product_5.png]
[demo-themewinter.com/gloreya/restaurant/wp-content/uploads/sites/2/2019/10/product_6.png]
[demo-themewinter.com/gloreya/restaurant/wp-content/uploads/sites/2/2021/01/gallery_image5-750x465.jpg]
[demo-themewinter.com/gloreya/restaurant/product/creamy-melt/index.html]
[demo-themewinter.com/gloreya/restaurant/index128d.html]
[demo-themewinter.com/gloreya/restaurant/wp-content/uploads/sites/2/2021/01/gallery_image2-750x465.jpg]
[demo-themewinter.com/gloreya/restaurant/product/beer-brewery/index.html]
[demo-themewinter.com/gloreya/restaurant/wp-content/uploads/sites/2/2021/01/gallery_image1-750x465.jpg]
[demo-themewinter.com/gloreya/restaurant/product/super-beekon/index.html]
[demo-themewinter.com/gloreya/restaurant/indexdc58.html]
[demo-themewinter.com/gloreya/restaurant/wp-content/uploads/sites/2/2021/01/gallery_image6-750x465.jpg]
[demo-themewinter.com/gloreya/restaurant/product/lager-beer/index.html]
[demo-themewinter.com/gloreya/restaurant/product/baked-beer-pizza/index.html]
[demo-themewinter.com/gloreya/restaurant/wp-content/uploads/sites/2/2019/10/menu_image6.png]
[demo-themewinter.com/gloreya/restaurant/product/buffalo-ranch/index.html]
[demo-themewinter.com/gloreya/restaurant/product/baked-beer-pizza-copy/index.html]
[demo-themewinter.com/gloreya/restaurant/indexfc35.html]
[demo-themewinter.com/gloreya/restaurant/product/bbq-burger/index.html]
[demo-themewinter.com/gloreya/restaurant/wp-content/uploads/sites/2/2021/01/location_image1.png]
[demo-themewinter.com/gloreya/restaurant/product/big-hootie/index.html]
[demo-themewinter.com/gloreya/restaurant/index8799.html]
[demo-themewinter.com/gloreya/restaurant/wp-content/uploads/sites/2/2021/01/location_image2.png]
[demo-themewinter.com/gloreya/restaurant/food-locations/1080-w-san-marcos-blvd-san-marcos-ca/index.html]
[demo-themewinter.com/gloreya/restaurant/product/ultimate-bacon/index.html]
[demo-themewinter.com/gloreya/restaurant/food-locations/1100-commercial-blv-102-naples-fl/index.html]
[demo-themewinter.com/gloreya/restaurant/wp-content/uploads/sites/2/2021/01/location_image3.png]
[demo-themewinter.com/gloreya/restaurant/wp-content/uploads/sites/2/2021/01/location_image4.png]
[demo-themewinter.com/gloreya/restaurant/wp-content/uploads/sites/2/2019/10/team_image2.png]
[demo-themewinter.com/gloreya/restaurant/food-locations/1120-pa-315-wilkes-barre-pa/index.html]
[demo-themewinter.com/gloreya/restaurant/wp-content/uploads/sites/2/2019/10/team_image3.png]
[demo-themewinter.com/gloreya/restaurant/wp-content/uploads/sites/2/2019/10/team_image1.png]
[demo-themewinter.com/gloreya/restaurant/wp-content/uploads/sites/2/2021/01/title_white_shape.png]
[demo-themewinter.com/gloreya/restaurant/wp-content/uploads/sites/2/2021/01/footer_logo.png]
[demo-themewinter.com/gloreya/restaurant/food-locations/1120-sam-houston-ave-huntsville-tx/index.html]
[demo-themewinter.com/gloreya/restaurant/wp-content/plugins/woocommerce/assets/client/blocks/wc-blocks2ced.css]
[demo-themewinter.com/gloreya/restaurant/wp-content/plugins/elementor/assets/lib/font-awesome/css/all.mine689.css]
[demo-themewinter.com/gloreya/restaurant/wp-content/plugins/elementor/assets/lib/font-awesome/css/v4-shims.mine689.css]
[demo-themewinter.com/gloreya/restaurant/wp-content/uploads/sites/2/elementor/css/post-2424e5a9.css]
[demo-themewinter.com/gloreya/restaurant/wp-content/plugins/elementor/assets/css/widget-text-editor.mine689.css]
[demo-themewinter.com/gloreya/restaurant/wp-content/plugins/elementor/assets/css/widget-divider.mine689.css]
[demo-themewinter.com/gloreya/restaurant/wp-content/plugins/elementor/assets/lib/swiper/v8/css/swiper.min94a4.css]
[demo-themewinter.com/gloreya/restaurant/wp-content/plugins/elementor/assets/css/widget-google_maps.mine689.css]
[demo-themewinter.com/gloreya/restaurant/wp-content/uploads/sites/2/elementor/css/post-2467c87d.css]
[demo-themewinter.com/gloreya/restaurant/wp-content/plugins/metform/public/assets/css/metform-ui657a.css]
[demo-themewinter.com/gloreya/restaurant/wp-content/plugins/metform/public/assets/css/style657a.css]
[demo-themewinter.com/gloreya/restaurant/wp-content/plugins/revslider/sr6/assets/css/rs61c74.css]
[demo-themewinter.com/gloreya/restaurant/wp-includes/js/dist/hooks.min4fdd.js]
[demo-themewinter.com/gloreya/restaurant/wp-includes/js/dist/i18n.minc33c.js]
[demo-themewinter.com/gloreya/restaurant/wp-content/plugins/contact-form-7/includes/swv/js/index1eb7.js]
[demo-themewinter.com/gloreya/restaurant/wp-content/plugins/contact-form-7/includes/js/index1eb7.js]
[demo-themewinter.com/gloreya/restaurant/wp-content/plugins/revslider/sr6/assets/js/rbtools.min1c74.js]
[demo-themewinter.com/gloreya/restaurant/wp-content/plugins/revslider/sr6/assets/js/rs6.min1c74.js]
[demo-themewinter.com/gloreya/restaurant/wp-content/plugins/metform/public/assets/lib/cute-alert/cute-alert657a.js]
[demo-themewinter.com/gloreya/restaurant/wp-content/plugins/wp-cafe/assets/js/moment.mind4e0.js]
[demo-themewinter.com/gloreya/restaurant/wp-content/plugins/wp-cafe/assets/js/flatpickr.mind4e0.js]
[demo-themewinter.com/gloreya/restaurant/wp-content/plugins/wp-cafe/assets/js/jquery.tmpl.mind4e0.js]
[demo-themewinter.com/gloreya/restaurant/wp-content/plugins/wp-cafe/assets/js/jquery.timepicker.mind4e0.js]
[demo-themewinter.com/gloreya/restaurant/wp-content/plugins/wp-cafe/assets/js/wpc-publicd4e0.js]
[demo-themewinter.com/gloreya/restaurant/wp-content/plugins/wp-cafe/assets/js/commond4e0.js]
[demo-themewinter.com/gloreya/restaurant/wp-content/themes/gloreya/core/parallax/assets/js/TweenMax.minffdc.js]
[demo-themewinter.com/gloreya/restaurant/wp-content/themes/gloreya/core/parallax/assets/js/jquery.easing.1.3ffdc.js]
[demo-themewinter.com/gloreya/restaurant/wp-content/themes/gloreya/core/parallax/assets/js/tilt.jquery.minffdc.js]
[demo-themewinter.com/gloreya/restaurant/wp-content/themes/gloreya/core/parallax/assets/js/animeffdc.js]
[demo-themewinter.com/gloreya/restaurant/wp-content/themes/gloreya/core/parallax/assets/js/magicianffdc.js]
[demo-themewinter.com/gloreya/restaurant/wp-content/plugins/elementskit-lite/widgets/init/assets/js/widget-scripts6b00.js]
[demo-themewinter.com/gloreya/restaurant/wp-content/plugins/woocommerce/assets/js/sourcebuster/sourcebuster.minab9f.js]
[demo-themewinter.com/gloreya/restaurant/wp-content/plugins/woocommerce/assets/js/frontend/order-attribution.minab9f.js]
[demo-themewinter.com/gloreya/restaurant/wp-content/themes/gloreya/assets/js/bootstrap.minffdc.js]
[demo-themewinter.com/gloreya/restaurant/wp-content/themes/gloreya/assets/js/popper.minffdc.js]
[demo-themewinter.com/gloreya/restaurant/wp-content/themes/gloreya/assets/js/jquery.magnific-popup.minffdc.js]
[demo-themewinter.com/gloreya/restaurant/wp-content/themes/gloreya/assets/js/instafeed.minffdc.js]
[demo-themewinter.com/gloreya/restaurant/wp-content/themes/gloreya/assets/js/owl.carousel.minffdc.js]
[demo-themewinter.com/gloreya/restaurant/wp-content/themes/gloreya/assets/js/jquery.easypiechart.minffdc.js]
[demo-themewinter.com/gloreya/restaurant/wp-content/themes/gloreya/assets/js/scriptffdc.js]
[demo-themewinter.com/gloreya/restaurant/wp-content/plugins/elementor/assets/lib/font-awesome/js/v4-shims.mine689.js]
[demo-themewinter.com/gloreya/restaurant/wp-content/plugins/elementskit-lite/widgets/init/assets/js/goodshare.min6b00.js]
[demo-themewinter.com/gloreya/restaurant/wp-content/plugins/metform/public/assets/js/htm657a.js]
[demo-themewinter.com/gloreya/restaurant/wp-includes/js/dist/vendor/react.mincb06.js]
[demo-themewinter.com/gloreya/restaurant/wp-includes/js/dist/vendor/react-dom.mincb06.js]
[demo-themewinter.com/gloreya/restaurant/wp-includes/js/dist/escape-html.min3a9d.js]
[demo-themewinter.com/gloreya/restaurant/wp-includes/js/dist/element.min1596.js]
[demo-themewinter.com/gloreya/restaurant/wp-content/plugins/metform/public/assets/js/app657a.js]
[demo-themewinter.com/gloreya/restaurant/wp-content/plugins/elementor/assets/js/webpack.runtime.mine689.js]
[demo-themewinter.com/gloreya/restaurant/wp-includes/js/jquery/ui/core.minb37e.js]
[demo-themewinter.com/gloreya/restaurant/wp-content/plugins/elementor/assets/js/frontend.mine689.js]
[demo-themewinter.com/gloreya/restaurant/wp-content/plugins/elementor/assets/js/frontend-modules.mine689.js]
[demo-themewinter.com/gloreya/restaurant/wp-content/plugins/wp-cafe/assets/js/elementord4e0.js]
[demo-themewinter.com/gloreya/restaurant/wp-content/themes/gloreya/assets/js/elementorffdc.js]
[demo-themewinter.com/gloreya/restaurant/wp-content/plugins/elementskit-lite/widgets/init/assets/js/animate-circle.min6b00.js]
[demo-themewinter.com/gloreya/restaurant/wp-content/plugins/elementskit-lite/widgets/init/assets/js/elementor6b00.js]
[demo-themewinter.com/gloreya/restaurant/index.html]
[demo-themewinter.com/gloreya/restaurant/wp-content/themes/gloreya/core/parallax/assets/js/widget-initffdc.js]
[demo-themewinter.com/gloreya/restaurant/wp-content/themes/gloreya/core/parallax/assets/js/section-initffdc.js]
[demo-themewinter.com/gloreya/restaurant/wp-content/plugins/elementor/assets/css/frontend.mine689.css]
[demo-themewinter.com/gloreya/restaurant/wp-content/uploads/sites/2/elementor/css/post-2014dc05.css]
[demo-themewinter.com/gloreya/restaurant/wp-content/uploads/sites/2/2021/01/footer_bg.jpg]
[demo-themewinter.com/gloreya/restaurant/wp-content/uploads/sites/2/elementor/css/post-2430dc05.css]
[demo-themewinter.com/gloreya/restaurant/wp-content/plugins/contact-form-7/includes/css/styles1eb7.css]
[demo-themewinter.com/gloreya/restaurant/wp-content/plugins/woocommerce/assets/css/woocommerce-layoutab9f.css]
[demo-themewinter.com/gloreya/restaurant/wp-content/plugins/woocommerce/assets/css/woocommerce-smallscreenab9f.css]
[demo-themewinter.com/gloreya/restaurant/wp-content/plugins/woocommerce/assets/fonts/WooCommerce.woff2]
[demo-themewinter.com/gloreya/restaurant/wp-content/plugins/woocommerce/assets/fonts/WooCommerce.woff]
[demo-themewinter.com/gloreya/restaurant/wp-content/plugins/woocommerce/assets/fonts/WooCommerce.ttf]
[demo-themewinter.com/gloreya/restaurant/wp-content/plugins/woocommerce/assets/css/woocommerceab9f.css]
[demo-themewinter.com/gloreya/restaurant/wp-content/plugins/woocommerce/assets/css/brandsab9f.css]
[demo-themewinter.com/gloreya/restaurant/wp-content/plugins/metform/public/assets/lib/cute-alert/style657a.css]
[demo-themewinter.com/gloreya/restaurant/wp-content/plugins/metform/public/assets/css/text-editor657a.css]
[demo-themewinter.com/gloreya/restaurant/wp-content/plugins/wp-ultimate-review/assets/public/css/content-page25b6.css]
[demo-themewinter.com/gloreya/restaurant/wp-includes/css/dashicons.min9704.css]
[demo-themewinter.com/gloreya/restaurant/wp-includes/fonts/dashicons7d4b.eot]
[demo-themewinter.com/gloreya/restaurant/wp-includes/fonts/dashicons7d4b.ttf]
[demo-themewinter.com/gloreya/restaurant/wp-content/plugins/wp-cafe/assets/css/flatpickr.mind4e0.css]
[demo-themewinter.com/gloreya/restaurant/wp-content/plugins/wp-cafe/assets/css/jquery.timepicker.mind4e0.css]
[demo-themewinter.com/gloreya/restaurant/wp-content/plugins/wp-cafe/assets/fonts/wpcafe429f.eot]
[demo-themewinter.com/gloreya/restaurant/wp-content/plugins/wp-cafe/assets/fonts/wpcafe429f.ttf]
[demo-themewinter.com/gloreya/restaurant/wp-content/plugins/wp-cafe/assets/fonts/wpcafe429f.woff]
[demo-themewinter.com/gloreya/restaurant/wp-content/plugins/wp-cafe/assets/fonts/wpcafe429f.svg]
[demo-themewinter.com/gloreya/restaurant/wp-content/plugins/wp-cafe/assets/css/wpc-icond4e0.css]
[demo-themewinter.com/gloreya/restaurant/wp-content/plugins/wp-cafe/assets/images/down_arrow.svg]
[demo-themewinter.com/gloreya/restaurant/wp-content/plugins/wp-cafe/assets/fonts/check_mark.svg]
[demo-themewinter.com/gloreya/restaurant/wp-content/plugins/wp-cafe/assets/fonts/spinner.svg]
[demo-themewinter.com/gloreya/restaurant/wp-content/plugins/wp-cafe/assets/css/wpc-publicd4e0.css]
[demo-themewinter.com/gloreya/restaurant/wp-content/themes/gloreya/core/parallax/assets/css/styleffdc.css]
[demo-themewinter.com/gloreya/restaurant/wp-content/themes/gloreya/assets/css/bootstrap.minffdc.css]
[demo-themewinter.com/gloreya/restaurant/wp-content/themes/gloreya/assets/fonts/fontawesome-webfonte0a5.eot]
[demo-themewinter.com/gloreya/restaurant/wp-content/themes/gloreya/assets/fonts/fontawesome-webfontd41d.eot]
[demo-themewinter.com/gloreya/restaurant/wp-content/themes/gloreya/assets/fonts/fontawesome-webfonte0a5.woff2]
[demo-themewinter.com/gloreya/restaurant/wp-content/themes/gloreya/assets/fonts/fontawesome-webfonte0a5.woff]
[demo-themewinter.com/gloreya/restaurant/wp-content/themes/gloreya/assets/css/font-awesomeffdc.css]
[demo-themewinter.com/gloreya/restaurant/wp-content/themes/gloreya/assets/fonts/fontawesome-webfonte0a5.svg]
[demo-themewinter.com/gloreya/restaurant/wp-content/themes/gloreya/assets/fonts/iconfontc452.eot]
[demo-themewinter.com/gloreya/restaurant/wp-content/themes/gloreya/assets/fonts/fontawesome-webfonte0a5.ttf]
[demo-themewinter.com/gloreya/restaurant/wp-content/themes/gloreya/assets/fonts/iconfontc452.ttf]
[demo-themewinter.com/gloreya/restaurant/wp-content/themes/gloreya/assets/fonts/iconfontc452.woff]
[demo-themewinter.com/gloreya/restaurant/wp-content/themes/gloreya/assets/css/iconfontffdc.css]
[demo-themewinter.com/gloreya/restaurant/wp-content/themes/gloreya/assets/css/magnific-popupffdc.css]
[demo-themewinter.com/gloreya/restaurant/wp-content/themes/gloreya/assets/fonts/iconfontc452.svg]
[demo-themewinter.com/gloreya/restaurant/wp-content/themes/gloreya/assets/css/owl.video.play.png]
[demo-themewinter.com/gloreya/restaurant/wp-content/themes/gloreya/assets/css/owl.carousel.minffdc.css]
[demo-themewinter.com/gloreya/restaurant/wp-content/themes/gloreya/assets/css/woocommerceffdc.css]
[demo-themewinter.com/gloreya/restaurant/wp-content/themes/gloreya/assets/css/gutenberg-customffdc.css]
[demo-themewinter.com/gloreya/restaurant/wp-content/themes/gloreya/assets/images/cross-out.png]
[demo-themewinter.com/gloreya/restaurant/wp-content/themes/gloreya/assets/images/menu_pattern.png]
[demo-themewinter.com/gloreya/restaurant/wp-content/themes/gloreya/assets/images/shape-down.png]
[demo-themewinter.com/gloreya/restaurant/wp-content/themes/gloreya/assets/css/masterffdc.css]
[demo-themewinter.com/gloreya/restaurant/wp-content/plugins/elementor/assets/lib/eicons/fonts/eicons6feb.eot]
[demo-themewinter.com/gloreya/restaurant/wp-content/plugins/elementor/assets/lib/eicons/fonts/eicons6feb.woff2]
[demo-themewinter.com/gloreya/restaurant/wp-content/plugins/elementor/assets/lib/eicons/fonts/eicons6feb.woff]
[demo-themewinter.com/gloreya/restaurant/wp-content/plugins/elementor/assets/lib/eicons/css/elementor-icons.minf25c.css]
[demo-themewinter.com/gloreya/restaurant/wp-content/uploads/sites/2/elementor/css/post-8e5a9.css]
[demo-themewinter.com/gloreya/restaurant/wp-content/plugins/elementor/assets/lib/eicons/fonts/eicons6feb.ttf]
[demo-themewinter.com/gloreya/restaurant/wp-content/uploads/sites/2/2021/01/slider_image1.jpg]
[demo-themewinter.com/gloreya/restaurant/wp-content/uploads/sites/2/2021/01/welcome_image_pattern.png]
[demo-themewinter.com/gloreya/restaurant/wp-content/plugins/elementor/assets/lib/eicons/fonts/eicons6feb.svg]
[demo-themewinter.com/gloreya/restaurant/wp-content/uploads/sites/2/2021/01/cta_image.jpg]
[demo-themewinter.com/gloreya/restaurant/wp-content/uploads/sites/2/2021/01/reservation_pattern3.png]
[demo-themewinter.com/gloreya/restaurant/wp-content/uploads/sites/2/2021/01/service_pattern.png]
[demo-themewinter.com/gloreya/restaurant/wp-content/uploads/sites/2/elementor/css/post-10e5a9.css]
[demo-themewinter.com/gloreya/restaurant/wp-content/plugins/elementskit-lite/widgets/init/assets/img/arrow.png]
[demo-themewinter.com/gloreya/restaurant/wp-content/plugins/elementskit-lite/widgets/init/assets/img/sort_asc.png]
[demo-themewinter.com/gloreya/restaurant/wp-content/plugins/elementskit-lite/widgets/init/assets/img/sort_desc.png]
[demo-themewinter.com/gloreya/restaurant/wp-content/plugins/elementskit-lite/widgets/init/assets/img/sort_asc_disabled.png]
[demo-themewinter.com/gloreya/restaurant/wp-content/plugins/elementskit-lite/widgets/init/assets/css/widget-styles6b00.css]
[demo-themewinter.com/gloreya/restaurant/wp-content/plugins/elementskit-lite/widgets/init/assets/css/responsive6b00.css]
[demo-themewinter.com/gloreya/restaurant/wp-content/plugins/elementskit-lite/modules/elementskit-icon-pack/assets/fonts/elementskit97ac.woff]
[demo-themewinter.com/gloreya/restaurant/wp-content/plugins/elementskit-lite/modules/elementskit-icon-pack/assets/css/ekiticons6b00.css]
[demo-themewinter.com/gloreya/restaurant/wp-content/plugins/elementor/assets/lib/font-awesome/css/fontawesome.min52d5.css]
[demo-themewinter.com/gloreya/restaurant/wp-content/plugins/elementor/assets/lib/font-awesome/webfonts/fa-solid-900d41d.eot]
[demo-themewinter.com/gloreya/restaurant/wp-content/plugins/elementor/assets/lib/font-awesome/webfonts/fa-solid-900.woff2]
[demo-themewinter.com/gloreya/restaurant/wp-content/plugins/elementor/assets/lib/font-awesome/webfonts/fa-solid-900.woff]
[demo-themewinter.com/gloreya/restaurant/wp-content/plugins/elementor/assets/lib/font-awesome/webfonts/fa-solid-900.eot]
[demo-themewinter.com/gloreya/restaurant/wp-content/plugins/elementor/assets/lib/font-awesome/css/solid.min52d5.css]
[demo-themewinter.com/gloreya/restaurant/wp-content/plugins/elementor/assets/lib/font-awesome/webfonts/fa-solid-900.svg]
[demo-themewinter.com/gloreya/restaurant/wp-content/plugins/elementor/assets/lib/font-awesome/webfonts/fa-solid-900.ttf]
[demo-themewinter.com/gloreya/restaurant/wp-content/plugins/elementor/assets/lib/font-awesome/webfonts/fa-brands-400d41d.eot]
[demo-themewinter.com/gloreya/restaurant/wp-content/plugins/elementor/assets/lib/font-awesome/webfonts/fa-brands-400.woff2]
[demo-themewinter.com/gloreya/restaurant/wp-content/plugins/elementor/assets/lib/font-awesome/webfonts/fa-brands-400.eot]
[demo-themewinter.com/gloreya/restaurant/wp-content/plugins/elementor/assets/lib/font-awesome/webfonts/fa-brands-400.woff]
[demo-themewinter.com/gloreya/restaurant/wp-content/plugins/elementor/assets/lib/font-awesome/webfonts/fa-brands-400.ttf]
[demo-themewinter.com/gloreya/restaurant/wp-content/plugins/elementor/assets/lib/font-awesome/css/brands.min52d5.css]
[demo-themewinter.com/gloreya/restaurant/wp-includes/js/jquery/jquery.minf43b.js]
[demo-themewinter.com/gloreya/restaurant/wp-includes/js/jquery/jquery-migrate.min5589.js]
[demo-themewinter.com/gloreya/restaurant/wp-content/plugins/woocommerce/assets/js/jquery-blockui/jquery.blockUI.mindbbd.js]
[demo-themewinter.com/gloreya/restaurant/wp-content/plugins/woocommerce/assets/js/frontend/add-to-cart.minab9f.js]
[demo-themewinter.com/gloreya/restaurant/wp-content/plugins/woocommerce/assets/js/js-cookie/js.cookie.min9da1.js]
[demo-themewinter.com/gloreya/restaurant/wp-content/plugins/woocommerce/assets/js/frontend/woocommerce.minab9f.js]
[demo-themewinter.com/gloreya/restaurant/wp-content/plugins/wp-ultimate-review/assets/public/script/content-page25b6.js]
[demo-themewinter.com/gloreya/restaurant/wp-content/plugins/woocommerce/assets/js/frontend/cart-fragments.minab9f.js]
[demo-themewinter.com/gloreya/restaurant/wp-content/themes/gloreya/core/parallax/assets/js/jarallaxffdc.js]
[demo-themewinter.com/gloreya/restaurant/wp-content/themes/gloreya/core/parallax/index.html]
[demo-themewinter.com/gloreya/restaurant/wp-content/plugins/elementor/assets/lib/font-awesome/webfonts/fa-brands-400.svg]
[demo-themewinter.com/gloreya/restaurant/Edge/index.html]
[demo-themewinter.com/gloreya/restaurant/wp-content/uploads/sites/2/elementor/css/post-1566d0ec.css]
[demo-themewinter.com/gloreya/restaurant/Trident/index.html]
[demo-themewinter.com/gloreya/restaurant/wp-json/wp/v2/pages/1566.json]
[demo-themewinter.com/gloreya/restaurant/wp-json/oembed/1.0/embedfc51.json]
[demo-themewinter.com/gloreya/restaurant/wp-json/oembed/1.0/embed4a55]
[demo-themewinter.com/gloreya/restaurant/wp-content/uploads/sites/2/2021/02/banner.png]
[demo-themewinter.com/gloreya/restaurant/wp-content/uploads/sites/2/2021/01/gallery_image6.jpg]
[demo-themewinter.com/gloreya/restaurant/wp-content/uploads/sites/2/2021/01/gallery_image1.jpg]
[demo-themewinter.com/gloreya/restaurant/wp-content/uploads/sites/2/2021/01/gallery_image2.jpg]
[demo-themewinter.com/gloreya/restaurant/wp-content/uploads/sites/2/2021/01/offer1.png]
[demo-themewinter.com/gloreya/restaurant/wp-content/uploads/sites/2/2021/01/offer2.png]
[demo-themewinter.com/gloreya/restaurant/wp-content/uploads/sites/2/2021/01/offer3.png]
[demo-themewinter.com/gloreya/restaurant/wp-content/uploads/sites/2/2021/01/offer4.png]
[demo-themewinter.com/gloreya/restaurant/wp-content/uploads/sites/2/2021/01/offer5.png]
[demo-themewinter.com/gloreya/restaurant/wp-content/plugins/elementor/assets/css/widget-heading.mine689.css]
[demo-themewinter.com/gloreya/restaurant/menu/index.html]
[demo-themewinter.com/gloreya/restaurant/wp-includes/css/dist/block-library/style.min9704.css]
[demo-themewinter.com/gloreya/restaurant/product-category/catering/feed/index.html]
[demo-themewinter.com/gloreya/restaurant/wp-json/wp/v2/product_cat/35.json]
[demo-themewinter.com/gloreya/restaurant/wp-content/uploads/sites/2/2021/01/gallery_image5-600x600.jpg]
[demo-themewinter.com/gloreya/restaurant/wp-content/uploads/sites/2/2021/01/gallery_image2-600x600.jpg]
[demo-themewinter.com/gloreya/restaurant/product-category/catering/index.html]
[demo-themewinter.com/gloreya/restaurant/wp-content/uploads/sites/2/elementor/css/post-14715228.css]
[demo-themewinter.com/gloreya/restaurant/wp-includes/css/dashicons.mind1c0.css]
[demo-themewinter.com/gloreya/restaurant/product-category/catering/indexdc58.html]
[demo-themewinter.com/gloreya/restaurant/wp-json/wp/v2/pages/1471.json]
[demo-themewinter.com/gloreya/restaurant/wp-json/oembed/1.0/embed0f0f.json]
[demo-themewinter.com/gloreya/restaurant/wp-json/oembed/1.0/embeda2ff]
[demo-themewinter.com/gloreya/restaurant/wp-content/uploads/sites/2/2021/01/video_image1.jpg]
[demo-themewinter.com/gloreya/restaurant/wp-content/uploads/sites/2/2021/01/video_image2.jpg]
[demo-themewinter.com/gloreya/restaurant/wp-content/uploads/sites/2/2021/01/feature_icon4.png]
[demo-themewinter.com/gloreya/restaurant/wp-content/uploads/sites/2/2021/01/feature_icon1.png]
[demo-themewinter.com/gloreya/restaurant/wp-content/uploads/sites/2/2021/01/feature_icon2.png]
[demo-themewinter.com/gloreya/restaurant/wp-content/uploads/sites/2/2021/01/feature_icon3.png]
[demo-themewinter.com/gloreya/restaurant/wp-content/themes/gloreya/assets/images/image_shape.svg]
[demo-themewinter.com/gloreya/restaurant/wp-content/uploads/sites/2/2021/01/testimonial_1.png]
[demo-themewinter.com/gloreya/restaurant/wp-content/uploads/sites/2/2021/01/testimonial_2.png]
[demo-themewinter.com/gloreya/restaurant/wp-content/uploads/sites/2/2021/01/testimonial_4.png]
[demo-themewinter.com/gloreya/restaurant/wp-content/uploads/sites/2/2021/01/testimonial_3.png]
[demo-themewinter.com/gloreya/restaurant/wp-content/plugins/elementor/assets/css/widget-image-box.mine689.css]
[demo-themewinter.com/gloreya/restaurant/wp-includes/js/dist/vendor/react.mine1ab.js]
[demo-themewinter.com/gloreya/restaurant/about-us/index.html]
[demo-themewinter.com/gloreya/restaurant/wp-includes/js/dist/vendor/react-dom.mine1ab.js]
[demo-themewinter.com/gloreya/restaurant/wp-content/uploads/sites/2/elementor/css/post-1573066b.css]
[demo-themewinter.com/gloreya/restaurant/wp-json/wp/v2/pages/1573.json]
[demo-themewinter.com/gloreya/restaurant/wp-json/oembed/1.0/embeddb6e.json]
[demo-themewinter.com/gloreya/restaurant/wp-json/oembed/1.0/embed9fff]
[demo-themewinter.com/gloreya/restaurant/team/index.html]
[demo-themewinter.com/gloreya/restaurant/wp-content/uploads/sites/2/elementor/css/post-1527ffe4.css]
[demo-themewinter.com/gloreya/restaurant/wp-json/wp/v2/pages/1527.json]
[demo-themewinter.com/gloreya/restaurant/wp-json/oembed/1.0/embede0b1.json]
[demo-themewinter.com/gloreya/restaurant/wp-json/oembed/1.0/embeda8b7]
[demo-themewinter.com/gloreya/restaurant/wp-content/plugins/elementor/assets/css/widget-icon-list.mine689.css]
[demo-themewinter.com/gloreya/restaurant/wp-content/plugins/elementor/assets/css/widget-icon-box.mine689.css]
[demo-themewinter.com/gloreya/restaurant/contact/index.html]
[demo-themewinter.com/gloreya/restaurant/wp-content/uploads/sites/2/elementor/css/post-1542dcfd.css]
[demo-themewinter.com/gloreya/restaurant/wp-json/wp/v2/pages/1542.json]
[demo-themewinter.com/gloreya/restaurant/wp-json/oembed/1.0/embed190a.json]
[demo-themewinter.com/gloreya/restaurant/wp-json/oembed/1.0/embedf8e9]
[demo-themewinter.com/gloreya/restaurant/wp-content/uploads/sites/2/2021/01/gallery_image5.jpg]
[demo-themewinter.com/gloreya/restaurant/wp-content/uploads/sites/2/2021/01/gallery_image2-1.jpg]
[demo-themewinter.com/gloreya/restaurant/wp-content/uploads/sites/2/2021/01/gallery_image1-1.jpg]
[demo-themewinter.com/gloreya/restaurant/wp-content/uploads/sites/2/2021/01/welcome_grunge_shape-min.fc.delayed]
[demo-themewinter.com/gloreya/restaurant/wp-content/plugins/elementor/assets/css/widget-image-gallery.mine689.css]
[demo-themewinter.com/gloreya/restaurant/gallery/index.html]
[demo-themewinter.com/gloreya/restaurant/wp-content/uploads/sites/2/2021/01/gallery_image1-600x600.jpg]
[demo-themewinter.com/gloreya/restaurant/shop/feed/index.html]
[demo-themewinter.com/gloreya/restaurant/shop/index128d.html]
[demo-themewinter.com/gloreya/restaurant/wp-content/uploads/sites/2/2021/01/gallery_image6-600x600.jpg]
[demo-themewinter.com/gloreya/restaurant/shop/indexdc58.html]
[demo-themewinter.com/gloreya/restaurant/wp-content/uploads/sites/2/2019/10/menu_image8.png]
[demo-themewinter.com/gloreya/restaurant/shop/index.html]
[demo-themewinter.com/gloreya/restaurant/shop/indexfc35.html]
[demo-themewinter.com/gloreya/restaurant/shop/page/2/index.html]
[demo-themewinter.com/gloreya/restaurant/wp-includes/css/dist/block-library/style.mind1c0.css]
[demo-themewinter.com/gloreya/restaurant/wp-content/plugins/woocommerce/assets/css/select2ab9f.css]
[demo-themewinter.com/gloreya/restaurant/wp-content/plugins/woocommerce/assets/js/selectWoo/selectWoo.full.minb6eb.js]
[demo-themewinter.com/gloreya/restaurant/wp-json/wp/v2/pages/7.json]
[demo-themewinter.com/gloreya/restaurant/wp-json/oembed/1.0/embed1f10.json]
[demo-themewinter.com/gloreya/restaurant/wp-json/oembed/1.0/embed78c9]
[demo-themewinter.com/gloreya/restaurant/my-account/index.html]
[demo-themewinter.com/gloreya/restaurant/wp-login.html]
[demo-themewinter.com/gloreya/restaurant/checkout/index.html]
[demo-themewinter.com/gloreya/restaurant/my-account/lost-password/index.html]
[demo-themewinter.com/gloreya/restaurant/2021/01/20/starbucks-invests-100m-in-new-retail-startups/index.html]
[demo-themewinter.com/gloreya/restaurant/2021/01/20/new-restaurant-town-that-looking-think-that/index.html]
[demo-themewinter.com/gloreya/restaurant/2021/01/index.html]
[demo-themewinter.com/gloreya/restaurant/wp-content/plugins/woocommerce/assets/js/frontend/country-select.minab9f.js]
[demo-themewinter.com/gloreya/restaurant/wp-content/plugins/woocommerce/assets/js/frontend/address-i18n.minab9f.js]
[demo-themewinter.com/gloreya/restaurant/wp-content/plugins/woocommerce/assets/js/frontend/cart.minab9f.js]
[demo-themewinter.com/gloreya/restaurant/wp-json/wp/v2/pages/5.json]
[demo-themewinter.com/gloreya/restaurant/wp-json/oembed/1.0/embede756.json]
[demo-themewinter.com/gloreya/restaurant/wp-json/oembed/1.0/embedbab8]
[demo-themewinter.com/gloreya/restaurant/cart/index.html]
[demo-themewinter.com/gloreya/restaurant/wp-content/uploads/sites/2/elementor/css/post-15345380.css]
[demo-themewinter.com/gloreya/restaurant/wp-content/plugins/elementor/assets/lib/font-awesome/css/regular.min52d5.css]
[demo-themewinter.com/gloreya/restaurant/wp-content/themes/gloreya/assets/css/iconfontad76.css]
[demo-themewinter.com/gloreya/restaurant/wp-json/wp/v2/pages/1534.json]
[demo-themewinter.com/gloreya/restaurant/wp-json/oembed/1.0/embed2616.json]
[demo-themewinter.com/gloreya/restaurant/wp-json/oembed/1.0/embed9fc1]
[demo-themewinter.com/gloreya/restaurant/wp-content/plugins/elementor/assets/css/widget-accordion.mine689.css]
[demo-themewinter.com/gloreya/restaurant/faq/index.html]
[demo-themewinter.com/gloreya/restaurant/category/burger/feed/index.html]
[demo-themewinter.com/gloreya/restaurant/wp-json/wp/v2/categories/27.json]
[demo-themewinter.com/gloreya/restaurant/wp-content/uploads/sites/2/2021/01/news_image1-750x465.jpg]
[demo-themewinter.com/gloreya/restaurant/wp-content/uploads/sites/2/2021/01/news_image3-1-750x465.jpg]
[demo-themewinter.com/gloreya/restaurant/wp-content/uploads/sites/2/2021/01/news_image3-750x465.jpg]
[demo-themewinter.com/gloreya/restaurant/category/burger/index.html]
[demo-themewinter.com/gloreya/restaurant/blog/index.html]
[demo-themewinter.com/gloreya/restaurant/author/gloreya/index.html]
[demo-themewinter.com/gloreya/restaurant/wp-content/plugins/woocommerce/assets/css/photoswipe/photoswipe.minab9f.css]
[demo-themewinter.com/gloreya/restaurant/product/creamy-melt/feed/index.html]
[demo-themewinter.com/gloreya/restaurant/wp-content/plugins/woocommerce/assets/css/photoswipe/default-skin/default-skin.minab9f.css]
[demo-themewinter.com/gloreya/restaurant/wp-content/plugins/woocommerce/assets/js/flexslider/jquery.flexslider.min4bb8.js]
[demo-themewinter.com/gloreya/restaurant/wp-content/plugins/woocommerce/assets/js/photoswipe/photoswipe.min0278.js]
[demo-themewinter.com/gloreya/restaurant/wp-content/plugins/woocommerce/assets/js/photoswipe/photoswipe-ui-default.min0278.js]
[demo-themewinter.com/gloreya/restaurant/wp-content/plugins/woocommerce/assets/js/frontend/single-product.minab9f.js]
[demo-themewinter.com/gloreya/restaurant/wp-json/wp/v2/product/1174.json]
[demo-themewinter.com/gloreya/restaurant/wp-json/oembed/1.0/embedabbd.json]
[demo-themewinter.com/gloreya/restaurant/wp-json/oembed/1.0/embeddf8c]
[demo-themewinter.com/gloreya/restaurant/wp-includes/js/comment-reply.min9704.js]
[demo-themewinter.com/gloreya/restaurant/product-category/recipe/index.html]
[demo-themewinter.com/gloreya/restaurant/product/creamy-melt/indexdc58.html]
[demo-themewinter.com/gloreya/restaurant/product/creamy-melt/index128d.html]
[demo-themewinter.com/gloreya/restaurant/wp-includes/js/underscore.min3ab8.js]
[demo-themewinter.com/gloreya/restaurant/wp-includes/js/wp-util.min9704.js]
[demo-themewinter.com/gloreya/restaurant/product/creamy-melt/index.html]
[demo-themewinter.com/gloreya/restaurant/wp-content/plugins/woocommerce/assets/js/frontend/add-to-cart-variation.minab9f.js]
[demo-themewinter.com/gloreya/restaurant/product/super-beekon/feed/index.html]
[demo-themewinter.com/gloreya/restaurant/wp-json/wp/v2/product/1171.json]
[demo-themewinter.com/gloreya/restaurant/wp-json/oembed/1.0/embed320c.json]
[demo-themewinter.com/gloreya/restaurant/wp-json/oembed/1.0/embed687c]
[demo-themewinter.com/gloreya/restaurant/product/super-beekon/index.html]
[demo-themewinter.com/gloreya/restaurant/wp-includes/js/comment-reply.mind1c0.js]
[demo-themewinter.com/gloreya/restaurant/index128d.html]
[demo-themewinter.com/gloreya/restaurant/product/super-beekon/indexdc58.html]
[demo-themewinter.com/gloreya/restaurant/product/beer-brewery/feed/index.html]
[demo-themewinter.com/gloreya/restaurant/wp-json/wp/v2/product/1168.json]
[demo-themewinter.com/gloreya/restaurant/wp-json/oembed/1.0/embed17b7.json]
[demo-themewinter.com/gloreya/restaurant/wp-json/oembed/1.0/embed817a]
[demo-themewinter.com/gloreya/restaurant/wp-content/uploads/sites/2/2019/10/menu_image7.png]
[demo-themewinter.com/gloreya/restaurant/product/beer-brewery/index.html]
[demo-themewinter.com/gloreya/restaurant/indexdc58.html]
[demo-themewinter.com/gloreya/restaurant/product-category/barger/index.html]
[demo-themewinter.com/gloreya/restaurant/product/beer-brewery/indexfc35.html]
[demo-themewinter.com/gloreya/restaurant/product/beer-brewery/index8799.html]
[demo-themewinter.com/gloreya/restaurant/product/lager-beer/feed/index.html]
[demo-themewinter.com/gloreya/restaurant/wp-json/wp/v2/product/1159.json]
[demo-themewinter.com/gloreya/restaurant/wp-json/oembed/1.0/embed9ba7.json]
[demo-themewinter.com/gloreya/restaurant/wp-json/oembed/1.0/embed38f5]
[demo-themewinter.com/gloreya/restaurant/wp-includes/js/wp-util.mind1c0.js]
[demo-themewinter.com/gloreya/restaurant/product/lager-beer/index.html]
[demo-themewinter.com/gloreya/restaurant/product/lager-beer/index128d.html]
[demo-themewinter.com/gloreya/restaurant/product/lager-beer/indexfc35.html]
[demo-themewinter.com/gloreya/restaurant/product/baked-beer-pizza-copy/feed/index.html]
[demo-themewinter.com/gloreya/restaurant/wp-json/wp/v2/product/1156.json]
[demo-themewinter.com/gloreya/restaurant/wp-json/oembed/1.0/embeda542.json]
[demo-themewinter.com/gloreya/restaurant/wp-json/oembed/1.0/embed733b]
[demo-themewinter.com/gloreya/restaurant/product/baked-beer-pizza-copy/index.html]
[demo-themewinter.com/gloreya/restaurant/product/baked-beer-pizza-copy/indexfc35.html]
[demo-themewinter.com/gloreya/restaurant/wp-json/wp/v2/product/1145.json]
[demo-themewinter.com/gloreya/restaurant/product/baked-beer-pizza/feed/index.html]
[demo-themewinter.com/gloreya/restaurant/wp-json/oembed/1.0/embed4f31.json]
[demo-themewinter.com/gloreya/restaurant/wp-json/oembed/1.0/embed9947]
[demo-themewinter.com/gloreya/restaurant/product/baked-beer-pizza/index.html]
[demo-themewinter.com/gloreya/restaurant/indexfc35.html]
[demo-themewinter.com/gloreya/restaurant/product/baked-beer-pizza/index128d.html]
[demo-themewinter.com/gloreya/restaurant/product/buffalo-ranch/feed/index.html]
[demo-themewinter.com/gloreya/restaurant/wp-json/wp/v2/product/115.json]
[demo-themewinter.com/gloreya/restaurant/wp-json/oembed/1.0/embed57d1.json]
[demo-themewinter.com/gloreya/restaurant/wp-json/oembed/1.0/embedd65e]
[demo-themewinter.com/gloreya/restaurant/product/buffalo-ranch/index.html]
[demo-themewinter.com/gloreya/restaurant/product-category/food/index.html]
[demo-themewinter.com/gloreya/restaurant/product/bbq-burger/feed/index.html]
[demo-themewinter.com/gloreya/restaurant/product/buffalo-ranch/index8799.html]
[demo-themewinter.com/gloreya/restaurant/wp-json/wp/v2/product/114.json]
[demo-themewinter.com/gloreya/restaurant/product/buffalo-ranch/indexdc58.html]
[demo-themewinter.com/gloreya/restaurant/wp-json/oembed/1.0/embed7a63.json]
[demo-themewinter.com/gloreya/restaurant/wp-json/oembed/1.0/embed30ad]
[demo-themewinter.com/gloreya/restaurant/product/bbq-burger/index.html]
[demo-themewinter.com/gloreya/restaurant/index8799.html]
[demo-themewinter.com/gloreya/restaurant/product/bbq-burger/indexdc58.html]
[demo-themewinter.com/gloreya/restaurant/product/big-hootie/feed/index.html]
[demo-themewinter.com/gloreya/restaurant/wp-json/wp/v2/product/102.json]
[demo-themewinter.com/gloreya/restaurant/wp-json/oembed/1.0/embede944.json]
[demo-themewinter.com/gloreya/restaurant/wp-json/oembed/1.0/embed95f1]
[demo-themewinter.com/gloreya/restaurant/wp-content/uploads/sites/2/2021/01/gallery_image1-1-600x600.jpg]
[demo-themewinter.com/gloreya/restaurant/product/big-hootie/index.html]
[demo-themewinter.com/gloreya/restaurant/product/big-hootie/indexdc58.html]
[demo-themewinter.com/gloreya/restaurant/wp-json/wp/v2/product/98.json]
[demo-themewinter.com/gloreya/restaurant/product/ultimate-bacon/feed/index.html]
[demo-themewinter.com/gloreya/restaurant/wp-json/oembed/1.0/embed59e3.json]
[demo-themewinter.com/gloreya/restaurant/product/big-hootie/index8799.html]
[demo-themewinter.com/gloreya/restaurant/wp-json/oembed/1.0/embedb7a1]
[demo-themewinter.com/gloreya/restaurant/wp-content/uploads/sites/2/2021/01/gallery_image2-1-600x600.jpg]
[demo-themewinter.com/gloreya/restaurant/product/ultimate-bacon/index.html]
[demo-themewinter.com/gloreya/restaurant/food-locations/1080-w-san-marcos-blvd-san-marcos-ca/index.html]
[demo-themewinter.com/gloreya/restaurant/food-locations/1100-commercial-blv-102-naples-fl/index.html]
[demo-themewinter.com/gloreya/restaurant/product/ultimate-bacon/index8799.html]
[demo-themewinter.com/gloreya/restaurant/food-locations/1120-pa-315-wilkes-barre-pa/index.html]
[demo-themewinter.com/gloreya/restaurant/product/ultimate-bacon/indexdc58.html]
[demo-themewinter.com/gloreya/restaurant/food-locations/1100-commercial-blv-102-naples-fl/feed/index.html]
[demo-themewinter.com/gloreya/restaurant/food-locations/1120-sam-houston-ave-huntsville-tx/index.html]
[demo-themewinter.com/gloreya/restaurant/wp-json/metform/v1/entries/insert/2467.json]
[demo-themewinter.com/gloreya/restaurant/wp-content/plugins/woocommerce/assets/client/blocks/wc-blocks2ced.css]
[demo-themewinter.com/gloreya/restaurant/food-locations/1120-pa-315-wilkes-barre-pa/feed/index.html]
[demo-themewinter.com/gloreya/restaurant/food-locations/1120-sam-houston-ave-huntsville-tx/feed/index.html]
[demo-themewinter.com/gloreya/restaurant/wp-content/plugins/elementor/assets/lib/font-awesome/webfonts/fa-regular-400.eot]
[demo-themewinter.com/gloreya/restaurant/wp-content/plugins/elementor/assets/lib/font-awesome/webfonts/fa-regular-400d41d.eot]
[demo-themewinter.com/gloreya/restaurant/wp-content/plugins/elementor/assets/lib/font-awesome/webfonts/fa-regular-400.woff2]
[demo-themewinter.com/gloreya/restaurant/wp-content/plugins/elementor/assets/lib/font-awesome/webfonts/fa-regular-400.woff]
[demo-themewinter.com/gloreya/restaurant/wp-content/plugins/elementor/assets/lib/font-awesome/webfonts/fa-regular-400.ttf]
[demo-themewinter.com/gloreya/restaurant/wp-content/plugins/elementor/assets/lib/font-awesome/css/all.mine689.css]
[demo-themewinter.com/gloreya/restaurant/wp-content/plugins/elementor/assets/lib/font-awesome/css/v4-shims.mine689.css]
[demo-themewinter.com/gloreya/restaurant/wp-content/uploads/sites/2/elementor/css/post-2424e5a9.css]
[demo-themewinter.com/gloreya/restaurant/wp-content/plugins/elementor/assets/css/widget-image.mine689.css]
[demo-themewinter.com/gloreya/restaurant/wp-content/plugins/elementor/assets/css/widget-text-editor.mine689.css]
[demo-themewinter.com/gloreya/restaurant/wp-content/plugins/elementor/assets/css/widget-divider.mine689.css]
[demo-themewinter.com/gloreya/restaurant/wp-content/plugins/elementor/assets/lib/swiper/v8/css/swiper.min94a4.css]
[demo-themewinter.com/gloreya/restaurant/wp-content/plugins/elementor/assets/css/widget-google_maps.mine689.css]
[demo-themewinter.com/gloreya/restaurant/wp-content/uploads/sites/2/elementor/css/post-2467c87d.css]
[demo-themewinter.com/gloreya/restaurant/wp-content/plugins/elementor/assets/lib/font-awesome/webfonts/fa-regular-400.svg]
[demo-themewinter.com/gloreya/restaurant/wp-content/plugins/metform/public/assets/css/metform-ui657a.css]
[demo-themewinter.com/gloreya/restaurant/wp-content/plugins/metform/public/assets/css/style657a.css]
[demo-themewinter.com/gloreya/restaurant/wp-content/plugins/revslider/sr6/assets/fonts/revicons/revicons90c6.eot]
[demo-themewinter.com/gloreya/restaurant/wp-content/plugins/revslider/sr6/assets/fonts/revicons/revicons90c6.woff]
[demo-themewinter.com/gloreya/restaurant/wp-content/plugins/revslider/sr6/assets/fonts/revicons/revicons90c6.ttf]
[demo-themewinter.com/gloreya/restaurant/wp-content/plugins/revslider/sr6/assets/fonts/revicons/revicons90c6.svg]
[demo-themewinter.com/gloreya/restaurant/wp-content/plugins/revslider/sr6/assets/css/openhand.cur]
[demo-themewinter.com/gloreya/restaurant/wp-content/plugins/revslider/sr6/assets/css/closedhand.cur]
[demo-themewinter.com/gloreya/restaurant/wp-content/plugins/revslider/sr6/assets/assets/gridtile.png]
[demo-themewinter.com/gloreya/restaurant/wp-content/plugins/revslider/sr6/assets/assets/gridtile_white.png]
[demo-themewinter.com/gloreya/restaurant/wp-content/plugins/revslider/sr6/assets/assets/gridtile_3x3.png]
[demo-themewinter.com/gloreya/restaurant/wp-content/plugins/revslider/sr6/assets/assets/gridtile_3x3_white.png]
[demo-themewinter.com/gloreya/restaurant/wp-content/plugins/revslider/sr6/assets/assets/coloredbg.png]
[demo-themewinter.com/gloreya/restaurant/wp-content/plugins/revslider/sr6/assets/assets/loader.gif]
[demo-themewinter.com/gloreya/restaurant/wp-content/plugins/revslider/sr6/assets/css/rs61c74.css]
[demo-themewinter.com/gloreya/restaurant/wp-includes/js/dist/hooks.min4fdd.js]
[demo-themewinter.com/gloreya/restaurant/wp-includes/js/dist/i18n.minc33c.js]
[demo-themewinter.com/gloreya/restaurant/wp-content/plugins/contact-form-7/includes/swv/js/index1eb7.js]
[demo-themewinter.com/gloreya/restaurant/wp-content/plugins/contact-form-7/includes/js/index1eb7.js]
[demo-themewinter.com/gloreya/restaurant/wp-content/plugins/revslider/sr6/assets/js/rbtools.min1c74.js]
[demo-themewinter.com/gloreya/restaurant/dummy.png]
[demo-themewinter.com/gloreya/restaurant/wp-content/plugins/revslider/sr6/assets/js/rs6.min1c74.js]
[player.vimeo.com/api/player.js]
[demo-themewinter.com/gloreya/restaurant/cute-alert.15c.delayed]
[demo-themewinter.com/gloreya/restaurant/${i}/img/${e}.svg]
[demo-themewinter.com/gloreya/restaurant/wp-content/plugins/metform/public/assets/lib/cute-alert/cute-alert657a.js]
[demo-themewinter.com/gloreya/restaurant/wp-content/plugins/wp-cafe/assets/js/moment.mind4e0.js]
[demo-themewinter.com/gloreya/restaurant/wp-content/plugins/wp-cafe/assets/js/flatpickr.mind4e0.js]
[demo-themewinter.com/gloreya/restaurant/wp-content/plugins/wp-cafe/assets/js/jquery.tmpl.mind4e0.js]
[demo-themewinter.com/gloreya/restaurant/wp-content/plugins/wp-cafe/assets/js/jquery.timepicker.mind4e0.js]
[demo-themewinter.com/gloreya/restaurant/wp-content/plugins/wp-cafe/assets/js/wpc-publicd4e0.js]
[demo-themewinter.com/gloreya/restaurant/wp-content/plugins/wp-cafe/assets/js/commond4e0.js]
[demo-themewinter.com/gloreya/restaurant/wp-content/themes/gloreya/core/parallax/assets/js/TweenMax.minffdc.js]
[demo-themewinter.com/gloreya/restaurant/wp-content/themes/gloreya/core/parallax/assets/js/jquery.easing.1.3ffdc.js]
[demo-themewinter.com/gloreya/restaurant/wp-content/themes/gloreya/core/parallax/assets/js/tilt.jquery.minffdc.js]
[demo-themewinter.com/gloreya/restaurant/wp-content/themes/gloreya/core/parallax/assets/js/animeffdc.js]
[demo-themewinter.com/gloreya/restaurant/wp-content/themes/gloreya/core/parallax/assets/js/magicianffdc.js]
[demo-themewinter.com/gloreya/restaurant/wp-content/plugins/elementskit-lite/libs/framework/assets/js/frontend-script6b00.js]
[demo-themewinter.com/gloreya/restaurant/wp-content/plugins/elementskit-lite/widgets/init/assets/js/widget-scripts6b00.js]
[demo-themewinter.com/gloreya/restaurant/wp-content/plugins/woocommerce/assets/js/sourcebuster/sourcebuster.minab9f.js]
[demo-themewinter.com/gloreya/restaurant/wp-content/plugins/woocommerce/assets/js/frontend/order-attribution.minab9f.js]
[demo-themewinter.com/gloreya/restaurant/Version/index.html]
[demo-themewinter.com/gloreya/restaurant/popper.15e.delayed]
[demo-themewinter.com/gloreya/restaurant/wp-content/themes/gloreya/assets/js/bootstrap.minffdc.js]
[demo-themewinter.com/gloreya/restaurant/wp-content/themes/gloreya/assets/js/popper.minffdc.js]
[demo-themewinter.com/gloreya/restaurant/wp-content/themes/gloreya/assets/js/jquery.magnific-popup.minffdc.js]
[demo-themewinter.com/gloreya/restaurant/GET.15f.delayed]
[demo-themewinter.com/gloreya/restaurant/wp-content/themes/gloreya/assets/js/instafeed.minffdc.js]
[demo-themewinter.com/gloreya/restaurant/wp-content/themes/gloreya/assets/js/owl.carousel.minffdc.js]
[demo-themewinter.com/gloreya/restaurant/wp-content/themes/gloreya/assets/js/jquery.easypiechart.minffdc.js]
[demo-themewinter.com/gloreya/restaurant/wp-content/themes/gloreya/assets/js/scriptffdc.js]
[demo-themewinter.com/gloreya/restaurant/wp-content/plugins/elementor/assets/lib/font-awesome/js/v4-shims.mine689.js]
[demo-themewinter.com/gloreya/restaurant/wp-content/plugins/elementskit-lite/widgets/init/assets/js/goodshare.min6b00.js]
[demo-themewinter.com/gloreya/restaurant/wp-content/plugins/metform/public/assets/js/htm657a.js]
[demo-themewinter.com/gloreya/restaurant/wp-includes/js/dist/vendor/react.mincb06.js]
[demo-themewinter.com/gloreya/restaurant/wp-includes/js/dist/vendor/react-dom.mincb06.js]
[demo-themewinter.com/gloreya/restaurant/wp-includes/js/dist/escape-html.min3a9d.js]
[demo-themewinter.com/gloreya/restaurant/wp-includes/js/dist/element.min1596.js]
[demo-themewinter.com/gloreya/restaurant/wp-content/plugins/metform/public/assets/js/app657a.js]
[demo-themewinter.com/gloreya/restaurant/wp-content/plugins/elementor/assets/js/webpack.runtime.mine689.js]
[demo-themewinter.com/gloreya/restaurant/wp-content/plugins/elementor/assets/js/frontend-modules.mine689.js]
[demo-themewinter.com/gloreya/restaurant/wp-includes/js/jquery/ui/core.minb37e.js]
[demo-themewinter.com/gloreya/restaurant/$&/index.html]
[demo-themewinter.com/gloreya/restaurant/blots/index.html]
[demo-themewinter.com/gloreya/restaurant/formats/index.html]
[demo-themewinter.com/gloreya/restaurant/-negative.160.delayed]
[demo-themewinter.com/gloreya/restaurant/wp-content/plugins/elementor/assets/js/frontend.mine689.js]
[demo-themewinter.com/gloreya/restaurant/wp-content/plugins/wp-cafe/assets/js/elementord4e0.js]
[demo-themewinter.com/gloreya/restaurant/wp-content/themes/gloreya/assets/js/elementorffdc.js]
[demo-themewinter.com/gloreya/restaurant/wp-content/plugins/elementskit-lite/widgets/init/assets/js/animate-circle.min6b00.js]
[demo-themewinter.com/gloreya/restaurant/wp-content/plugins/elementskit-lite/widgets/init/assets/js/elementor6b00.js]
[demo-themewinter.com/gloreya/restaurant/wp-content/themes/gloreya/core/parallax/assets/js/widget-initffdc.js]
[demo-themewinter.com/gloreya/restaurant/wp-content/themes/gloreya/core/parallax/assets/js/section-initffdc.js]
[demo-themewinter.com/gloreya/restaurant/wp-content/plugins/woocommerce/assets/images/icons/loader.svg]
[demo-themewinter.com/gloreya/restaurant/wp-content/plugins/wp-cafe/assets/fonts/wpcafe429f.svg]
[demo-themewinter.com/gloreya/restaurant/wp-content/plugins/wp-cafe/assets/images/down_arrow.svg]
[demo-themewinter.com/gloreya/restaurant/wp-content/plugins/wp-cafe/assets/fonts/check_mark.svg]
[demo-themewinter.com/gloreya/restaurant/wp-content/plugins/wp-cafe/assets/fonts/spinner.svg]
[demo-themewinter.com/gloreya/restaurant/OPR/index.html]
[demo-themewinter.com/gloreya/restaurant/wp-content/themes/gloreya/assets/fonts/fontawesome-webfonte0a5.svg]
[demo-themewinter.com/gloreya/restaurant/wp-content/themes/gloreya/assets/fonts/iconfontc452.svg]
[demo-themewinter.com/gloreya/restaurant/wp-content/themes/gloreya/assets/css/owl.video.play.html]
[demo-themewinter.com/gloreya/restaurant/wp-content/plugins/elementor/assets/lib/eicons/fonts/eicons6feb.svg]
[demo-themewinter.com/gloreya/restaurant/wp-content/plugins/elementskit-lite/widgets/init/assets/img/cross-out.svg]
[demo-themewinter.com/gloreya/restaurant/wp-content/plugins/elementor/assets/lib/font-awesome/webfonts/fa-solid-900.svg]
[demo-themewinter.com/gloreya/restaurant/wp-content/plugins/elementor/assets/lib/font-awesome/webfonts/fa-brands-400.svg]
[demo-themewinter.com/gloreya/restaurant/Trident/index.html]
[demo-themewinter.com/gloreya/restaurant/Edge/index.html]
[demo-themewinter.com/gloreya/restaurant/wp-content/uploads/sites/2/elementor/css/post-1566d0ec.css]
[demo-themewinter.com/gloreya/restaurant/indexf49d.html]
[demo-themewinter.com/gloreya/restaurant/wp-content/plugins/elementor/assets/css/widget-heading.mine689.css]
[demo-themewinter.com/gloreya/restaurant/wp-includes/css/dist/block-library/style.min9704.css]
[demo-themewinter.com/gloreya/restaurant/product-category/catering/indexdc58.html]
[demo-themewinter.com/gloreya/restaurant/wp-includes/css/dashicons.mind1c0.css]
[demo-themewinter.com/gloreya/restaurant/wp-content/uploads/sites/2/2021/01/video_bg_shape.png]
[demo-themewinter.com/gloreya/restaurant/wp-content/uploads/sites/2/2021/01/feature_bg.png]
[demo-themewinter.com/gloreya/restaurant/wp-content/uploads/sites/2/2021/01/team_bg.png]
[demo-themewinter.com/gloreya/restaurant/wp-content/uploads/sites/2/elementor/css/post-14715228.css]
[demo-themewinter.com/gloreya/restaurant/index2bf9.html]
[demo-themewinter.com/gloreya/restaurant/wp-content/themes/gloreya/assets/images/image_shape.svg]
[demo-themewinter.com/gloreya/restaurant/wp-content/plugins/elementor/assets/css/widget-image-box.mine689.css]
[demo-themewinter.com/gloreya/restaurant/wp-includes/js/dist/vendor/react.mine1ab.js]
[demo-themewinter.com/gloreya/restaurant/wp-includes/js/dist/vendor/react-dom.mine1ab.js]
[demo-themewinter.com/gloreya/restaurant/wp-content/uploads/sites/2/elementor/css/post-1573066b.css]
[demo-themewinter.com/gloreya/restaurant/indexc8dc.html]
[demo-themewinter.com/gloreya/restaurant/wp-content/uploads/sites/2/elementor/css/post-1527ffe4.css]
[demo-themewinter.com/gloreya/restaurant/indexb367.html]
[demo-themewinter.com/gloreya/restaurant/wp-content/plugins/elementor/assets/css/widget-icon-list.mine689.css]
[demo-themewinter.com/gloreya/restaurant/wp-content/plugins/elementor/assets/css/widget-icon-box.mine689.css]
[demo-themewinter.com/gloreya/restaurant/wp-content/uploads/sites/2/elementor/css/post-1542dcfd.css]
[demo-themewinter.com/gloreya/restaurant/index8ddc.html]
[demo-themewinter.com/gloreya/restaurant/wp-content/uploads/sites/2/2021/01/welcome_grunge_shape-min.html]
[demo-themewinter.com/gloreya/restaurant/wp-content/plugins/elementor/assets/css/widget-image-gallery.mine689.css]
[demo-themewinter.com/gloreya/restaurant/shop/index128d.html]
[demo-themewinter.com/gloreya/restaurant/shop/indexdc58.html]
[demo-themewinter.com/gloreya/restaurant/shop/indexfc35.html]
[demo-themewinter.com/gloreya/restaurant/shop/page/2/index.html]
[demo-themewinter.com/gloreya/restaurant/wp-includes/css/dist/block-library/style.mind1c0.css]
[demo-themewinter.com/gloreya/restaurant/wp-content/plugins/woocommerce/assets/css/select2ab9f.css]
[demo-themewinter.com/gloreya/restaurant/wp-content/plugins/woocommerce/assets/js/selectWoo/selectWoo.full.minb6eb.js]
[demo-themewinter.com/gloreya/restaurant/wp-content/plugins/woocommerce/assets/js/frontend/account-i18n.minab9f.js]
[demo-themewinter.com/gloreya/restaurant/indexc4f7.html]
[demo-themewinter.com/gloreya/restaurant/about-us/$&/index.html]
[demo-themewinter.com/gloreya/restaurant/wp-includes/js/zxcvbn-async.min5152.js]
[demo-themewinter.com/gloreya/restaurant/shop/page/2/index8799.html]
[demo-themewinter.com/gloreya/restaurant/wp-admin/js/password-strength-meter.mind1c0.js]
[demo-themewinter.com/gloreya/restaurant/wp-content/plugins/woocommerce/assets/js/frontend/password-strength-meter.minab9f.js]
[demo-themewinter.com/gloreya/restaurant/my-account/lost-password/index.html]
[demo-themewinter.com/gloreya/restaurant/2021/01/20/starbucks-invests-100m-in-new-retail-startups/feed/index.html]
[demo-themewinter.com/gloreya/restaurant/wp-json/wp/v2/posts/1787.json]
[demo-themewinter.com/gloreya/restaurant/wp-json/oembed/1.0/embed5ddd.json]
[demo-themewinter.com/gloreya/restaurant/wp-json/oembed/1.0/embed0417]
[demo-themewinter.com/gloreya/restaurant/wp-content/uploads/sites/2/2021/01/news_image1.jpg]
[demo-themewinter.com/gloreya/restaurant/2021/01/20/starbucks-invests-100m-in-new-retail-startups/index.html]
[demo-themewinter.com/gloreya/restaurant/2021/01/20/new-restaurant-town-that-looking-think-that/feed/index.html]
[demo-themewinter.com/gloreya/restaurant/wp-json/wp/v2/posts/1781.json]
[demo-themewinter.com/gloreya/restaurant/wp-json/oembed/1.0/embed5dee.json]
[demo-themewinter.com/gloreya/restaurant/wp-json/oembed/1.0/embede4b0]
[demo-themewinter.com/gloreya/restaurant/wp-content/uploads/sites/2/2021/01/news_image3-1.jpg]
[demo-themewinter.com/gloreya/restaurant/2021/01/20/new-restaurant-town-that-looking-think-that/index.html]
[demo-themewinter.com/gloreya/restaurant/2021/01/index.html]
[demo-themewinter.com/gloreya/restaurant/2021/01/20/labor-depar-rules-pro-as-tweaks-overtime/index.html]
[demo-themewinter.com/gloreya/restaurant/wp-includes/css/buttons.min9704.css]
[demo-themewinter.com/gloreya/restaurant/wp-admin/css/forms.min9704.css]
[demo-themewinter.com/gloreya/restaurant/wp-admin/css/l10n.min9704.css]
[demo-themewinter.com/gloreya/restaurant/wp-admin/css/login.min9704.css]
[demo-themewinter.com/gloreya/restaurant/wp-includes/js/clipboard.min3c89.js]
[demo-themewinter.com/gloreya/restaurant/wp-admin/js/password-strength-meter.min9704.js]
[demo-themewinter.com/gloreya/restaurant/wp-includes/js/dist/dom-ready.min5346.js]
[demo-themewinter.com/gloreya/restaurant/wp-includes/js/dist/a11y.min3f73.js]
[demo-themewinter.com/gloreya/restaurant/wp-login.html]
[demo-themewinter.com/gloreya/restaurant/wp-content/plugins/woocommerce/assets/js/frontend/country-select.minab9f.js]
[demo-themewinter.com/gloreya/restaurant/wp-content/plugins/woocommerce/assets/js/frontend/address-i18n.minab9f.js]
[demo-themewinter.com/gloreya/restaurant/wp-admin/js/user-profile.min9704.js]
[demo-themewinter.com/gloreya/restaurant/wp-content/plugins/woocommerce/assets/js/frontend/cart.minab9f.js]
[demo-themewinter.com/gloreya/restaurant/indexc471.html]
[demo-themewinter.com/gloreya/restaurant/wp-content/uploads/sites/2/2021/01/menu_pattern3.png]
[demo-themewinter.com/gloreya/restaurant/wp-content/uploads/sites/2/elementor/css/post-15345380.css]
[demo-themewinter.com/gloreya/restaurant/wp-content/plugins/elementor/assets/lib/font-awesome/css/regular.min52d5.css]
[demo-themewinter.com/gloreya/restaurant/wp-content/themes/gloreya/assets/css/iconfontad76.css]
[demo-themewinter.com/gloreya/restaurant/index9c1b.html]
[demo-themewinter.com/gloreya/restaurant/wp-content/plugins/elementor/assets/css/widget-accordion.mine689.css]
[demo-themewinter.com/gloreya/restaurant/author/gloreya/feed/index.html]
[demo-themewinter.com/gloreya/restaurant/wp-json/wp/v2/users/1.json]
[demo-themewinter.com/gloreya/restaurant/author/gloreya/index.html]
[demo-themewinter.com/gloreya/restaurant/wp-content/plugins/woocommerce/assets/css/photoswipe/default-skin/default-skin.png]
[demo-themewinter.com/gloreya/restaurant/wp-content/plugins/woocommerce/assets/css/photoswipe/photoswipe.minab9f.css]
[demo-themewinter.com/gloreya/restaurant/wp-content/plugins/woocommerce/assets/css/photoswipe/default-skin/default-skin.svg]
[demo-themewinter.com/gloreya/restaurant/wp-content/plugins/woocommerce/assets/css/photoswipe/default-skin/preloader.gif]
[demo-themewinter.com/gloreya/restaurant/wp-content/plugins/woocommerce/assets/css/photoswipe/default-skin/default-skin.minab9f.css]
[demo-themewinter.com/gloreya/restaurant/wp-content/plugins/woocommerce/assets/js/flexslider/jquery.flexslider.min4bb8.js]
[demo-themewinter.com/gloreya/restaurant/wp-content/plugins/woocommerce/assets/js/photoswipe/photoswipe.min0278.js]
[demo-themewinter.com/gloreya/restaurant/wp-content/plugins/woocommerce/assets/js/photoswipe/photoswipe-ui-default.min0278.js]
[demo-themewinter.com/gloreya/restaurant/wp-content/plugins/woocommerce/assets/js/frontend/single-product.minab9f.js]
[demo-themewinter.com/gloreya/restaurant/index46e1.html]
[demo-themewinter.com/gloreya/restaurant/product-category/recipe/feed/index.html]
[demo-themewinter.com/gloreya/restaurant/wp-json/wp/v2/product_cat/25.json]
[demo-themewinter.com/gloreya/restaurant/product-category/recipe/index.html]
[demo-themewinter.com/gloreya/restaurant/product/creamy-melt/indexdc58.html]
[demo-themewinter.com/gloreya/restaurant/product-category/recipe/indexdc58.html]
[demo-themewinter.com/gloreya/restaurant/product-category/recipe/index128d.html]
[demo-themewinter.com/gloreya/restaurant/product/creamy-melt/index128d.html]
[demo-themewinter.com/gloreya/restaurant/wp-includes/js/comment-reply.min9704.js]
[demo-themewinter.com/gloreya/restaurant/wp-includes/js/underscore.min3ab8.js]
[demo-themewinter.com/gloreya/restaurant/wp-includes/js/wp-util.min9704.js]
[demo-themewinter.com/gloreya/restaurant/wp-content/plugins/woocommerce/assets/js/frontend/add-to-cart-variation.minab9f.js]
[demo-themewinter.com/gloreya/restaurant/indexaffb.html]
[demo-themewinter.com/gloreya/restaurant/product-category/recipe/indexfc35.html]
[demo-themewinter.com/gloreya/restaurant/product/super-beekon/indexdc58.html]
[demo-themewinter.com/gloreya/restaurant/wp-includes/js/comment-reply.mind1c0.js]
[demo-themewinter.com/gloreya/restaurant/indexcc5d.html]
[demo-themewinter.com/gloreya/restaurant/product/creamy-melt/indexfc35.html]
[demo-themewinter.com/gloreya/restaurant/product/super-beekon/indexfc35.html]
[demo-themewinter.com/gloreya/restaurant/product-category/barger/feed/index.html]
[demo-themewinter.com/gloreya/restaurant/wp-json/wp/v2/product_cat/17.json]
[demo-themewinter.com/gloreya/restaurant/product-category/barger/index.html]
[demo-themewinter.com/gloreya/restaurant/product/beer-brewery/indexfc35.html]
[demo-themewinter.com/gloreya/restaurant/product/beer-brewery/index8799.html]
[demo-themewinter.com/gloreya/restaurant/index7914.html]
[demo-themewinter.com/gloreya/restaurant/product/lager-beer/indexfc35.html]
[demo-themewinter.com/gloreya/restaurant/product/lager-beer/index128d.html]
[demo-themewinter.com/gloreya/restaurant/wp-includes/js/wp-util.mind1c0.js]
[demo-themewinter.com/gloreya/restaurant/indexe196.html]
[demo-themewinter.com/gloreya/restaurant/product-category/barger/index8799.html]
[demo-themewinter.com/gloreya/restaurant/product/baked-beer-pizza-copy/indexfc35.html]
[demo-themewinter.com/gloreya/restaurant/product/beer-brewery/index128d.html]
[demo-themewinter.com/gloreya/restaurant/indexfdfc.html]
[demo-themewinter.com/gloreya/restaurant/product/baked-beer-pizza/index128d.html]
[demo-themewinter.com/gloreya/restaurant/product/lager-beer/indexdc58.html]
[demo-themewinter.com/gloreya/restaurant/index0a10.html]
[demo-themewinter.com/gloreya/restaurant/product/baked-beer-pizza-copy/index8799.html]
[demo-themewinter.com/gloreya/restaurant/product/baked-beer-pizza-copy/index128d.html]
[demo-themewinter.com/gloreya/restaurant/product/baked-beer-pizza/indexdc58.html]
[demo-themewinter.com/gloreya/restaurant/product-category/food/feed/index.html]
[demo-themewinter.com/gloreya/restaurant/wp-json/wp/v2/product_cat/16.json]
[demo-themewinter.com/gloreya/restaurant/product-category/food/index.html]
[demo-themewinter.com/gloreya/restaurant/product/buffalo-ranch/indexdc58.html]
[demo-themewinter.com/gloreya/restaurant/product/buffalo-ranch/index8799.html]
[demo-themewinter.com/gloreya/restaurant/index30a5.html]
[demo-themewinter.com/gloreya/restaurant/product/bbq-burger/indexdc58.html]
[demo-themewinter.com/gloreya/restaurant/indexc5eb.html]
[demo-themewinter.com/gloreya/restaurant/product/big-hootie/indexdc58.html]
[demo-themewinter.com/gloreya/restaurant/product/big-hootie/index8799.html]
[demo-themewinter.com/gloreya/restaurant/indexb6ad.html]
[demo-themewinter.com/gloreya/restaurant/product/ultimate-bacon/index8799.html]
[demo-themewinter.com/gloreya/restaurant/product/ultimate-bacon/indexdc58.html]
[demo-themewinter.com/gloreya/restaurant/wp-content/plugins/elementor/assets/lib/font-awesome/webfonts/fa-regular-400.svg]
[demo-themewinter.com/gloreya/restaurant/wp-content/plugins/revslider/sr6/assets/fonts/revicons/revicons90c6.svg]
[demo-themewinter.com/gloreya/restaurant/dummy.html]
[demo-themewinter.com/gloreya/restaurant/origin=https_/index.html]
[demo-themewinter.com/gloreya/restaurant/cute-alert.html]
[demo-themewinter.com/gloreya/restaurant/${i}/img/${e}.html]
[demo-themewinter.com/gloreya/restaurant/Version/index.html]
[demo-themewinter.com/gloreya/restaurant/popper.html]
[demo-themewinter.com/gloreya/restaurant/GET.html]
[demo-themewinter.com/gloreya/restaurant/$&/index.html]
[demo-themewinter.com/gloreya/restaurant/blots/index.html]
[demo-themewinter.com/gloreya/restaurant/formats/index.html]
[demo-themewinter.com/gloreya/restaurant/-negative.html]
[demo-themewinter.com/gloreya/restaurant/OPR/index.html]
[demo-themewinter.com/gloreya/restaurant/about-us/$&/index.html]
[demo-themewinter.com/gloreya/restaurant/shop/page/2/index8799.html]
[demo-themewinter.com/gloreya/restaurant/shop/page/1/index.html]
[demo-themewinter.com/gloreya/restaurant/wp-includes/js/zxcvbn-async.min5152.js]
[demo-themewinter.com/gloreya/restaurant/wp-admin/js/password-strength-meter.mind1c0.js]
[demo-themewinter.com/gloreya/restaurant/wp-content/plugins/woocommerce/assets/js/frontend/password-strength-meter.minab9f.js]
[demo-themewinter.com/gloreya/restaurant/wp-content/plugins/woocommerce/assets/js/frontend/lost-password.minab9f.js]
[demo-themewinter.com/gloreya/restaurant/index91b5.html]
[demo-themewinter.com/gloreya/restaurant/indexf376.html]
[demo-themewinter.com/gloreya/restaurant/2021/01/20/labor-depar-rules-pro-as-tweaks-overtime/feed/index.html]
[demo-themewinter.com/gloreya/restaurant/wp-json/wp/v2/posts/1775.json]
[demo-themewinter.com/gloreya/restaurant/wp-json/oembed/1.0/embed0a33.json]
[demo-themewinter.com/gloreya/restaurant/wp-json/oembed/1.0/embed5e88]
[demo-themewinter.com/gloreya/restaurant/wp-content/uploads/sites/2/2021/01/news_image3.jpg]
[demo.themewinter.com/wp/gloreya/wp-content/uploads/2019/10/gallery_image1-min.185.delayed]
[demo.themewinter.com/wp/gloreya/wp-content/uploads/2019/10/gallery_image2-min.jpg]
[demo-themewinter.com/gloreya/restaurant/2021/01/20/labor-depar-rules-pro-as-tweaks-overtime/index.html]
[demo-themewinter.com/gloreya/restaurant/wp-includes/css/buttons.min9704.css]
[demo-themewinter.com/gloreya/restaurant/wp-admin/images/loading.gif]
[demo-themewinter.com/gloreya/restaurant/wp-admin/css/forms.min9704.css]
[demo-themewinter.com/gloreya/restaurant/wp-admin/css/l10n.min9704.css]
[demo-themewinter.com/gloreya/restaurant/wp-admin/images/w-logo-blue7a53.png]
[demo-themewinter.com/gloreya/restaurant/wp-admin/css/login.min9704.css]
[demo-themewinter.com/gloreya/restaurant/wp-includes/js/clipboard.min3c89.js]
[demo-themewinter.com/gloreya/restaurant/wp-admin/images/wordpress-logo7d6b.svg]
[demo-themewinter.com/gloreya/restaurant/wp-admin/js/password-strength-meter.min9704.js]
[demo-themewinter.com/gloreya/restaurant/wp-includes/js/dist/dom-ready.min5346.js]
[demo-themewinter.com/gloreya/restaurant/wp-includes/js/dist/a11y.min3f73.js]
[demo-themewinter.com/gloreya/restaurant/wp-admin/js/user-profile.min9704.js]
[demo-themewinter.com/gloreya/restaurant/wp-content/plugins/woocommerce/assets/css/photoswipe/default-skin/default-skin.svg]
[demo-themewinter.com/gloreya/restaurant/product-category/recipe/index128d.html]
[demo-themewinter.com/gloreya/restaurant/product-category/recipe/indexdc58.html]
[demo-themewinter.com/gloreya/restaurant/product-category/recipe/indexfc35.html]
[demo-themewinter.com/gloreya/restaurant/product/creamy-melt/indexfc35.html]
[demo-themewinter.com/gloreya/restaurant/product/super-beekon/indexfc35.html]
[demo-themewinter.com/gloreya/restaurant/product-category/barger/index8799.html]
[demo-themewinter.com/gloreya/restaurant/product/beer-brewery/index128d.html]
[demo-themewinter.com/gloreya/restaurant/product/lager-beer/indexdc58.html]
[demo-themewinter.com/gloreya/restaurant/product/baked-beer-pizza-copy/index8799.html]
[demo-themewinter.com/gloreya/restaurant/product/baked-beer-pizza-copy/index128d.html]
[demo-themewinter.com/gloreya/restaurant/product/baked-beer-pizza/indexdc58.html]
[demo-themewinter.com/gloreya/restaurant/product-category/barger/indexdc58.html]
[demo-themewinter.com/gloreya/restaurant/index8951.html]
[demo.themewinter.com/wp/gloreya/wp-content/uploads/2019/10/gallery_image1-min.html]
[demo.themewinter.com/wp/gloreya/wp-content/uploads/2019/10/gallery_image2-min.html]
[demo-themewinter.com/gloreya/restaurant/wp-admin/images/wordpress-logo7d6b.svg]
[demo-themewinter.com/gloreya/restaurant/product-category/barger/indexdc58.html]
[demo-themewinter.com/gloreya/restaurant/food-locations/1080-w-san-marcos-blvd-san-marcos-ca/feed/index.html]
[demo-themewinter.com/gloreya/restaurant/product/baked-beer-pizza-copy/indexdc58.html]
[demo-themewinter.com/gloreya/restaurant/product/baked-beer-pizza-copy/indexdc58.html]
[demo-themewinter.com/gloreya/restaurant/product-category/food/index8799.html]
[demo-themewinter.com/gloreya/restaurant/product-category/food/index8799.html]
