[backblue.gif]
[fade.gif]
[index.html]
[demo.awaikenthemes.com/html-preview/spicyhunt/images/favicon.png]
[demo.awaikenthemes.com/html-preview/spicyhunt/images/hero-img.jpg]
[demo.awaikenthemes.com/html-preview/spicyhunt/images/hero-circle-img-1.jpg]
[demo.awaikenthemes.com/html-preview/spicyhunt/images/hero-circle-img-2.jpg]
[demo.awaikenthemes.com/html-preview/spicyhunt/images/about-us-image.jpg]
[demo.awaikenthemes.com/html-preview/spicyhunt/images/about-us-img-2.jpg]
[demo.awaikenthemes.com/html-preview/spicyhunt/images/our-dish-image-1.jpg]
[demo.awaikenthemes.com/html-preview/spicyhunt/images/our-dish-image-2.jpg]
[demo.awaikenthemes.com/html-preview/spicyhunt/images/our-dish-image-3.jpg]
[demo.awaikenthemes.com/html-preview/spicyhunt/images/our-dish-image-4.jpg]
[demo.awaikenthemes.com/html-preview/spicyhunt/images/daily-offer-image.png]
[demo.awaikenthemes.com/html-preview/spicyhunt/images/our-menu-image-1.png]
[demo.awaikenthemes.com/html-preview/spicyhunt/images/our-menu-image-2.png]
[demo.awaikenthemes.com/html-preview/spicyhunt/images/our-menu-image-3.png]
[demo.awaikenthemes.com/html-preview/spicyhunt/images/our-menu-image-4.png]
[demo.awaikenthemes.com/html-preview/spicyhunt/images/our-menu-image-5.png]
[demo.awaikenthemes.com/html-preview/spicyhunt/images/our-menu-image-6.png]
[demo.awaikenthemes.com/html-preview/spicyhunt/images/our-ingredients-image.png]
[demo.awaikenthemes.com/html-preview/spicyhunt/images/happy-customer-img-1.jpg]
[demo.awaikenthemes.com/html-preview/spicyhunt/images/happy-customer-img-2.jpg]
[demo.awaikenthemes.com/html-preview/spicyhunt/images/happy-customer-img-3.jpg]
[demo.awaikenthemes.com/html-preview/spicyhunt/images/author-1.jpg]
[demo.awaikenthemes.com/html-preview/spicyhunt/images/author-2.jpg]
[demo.awaikenthemes.com/html-preview/spicyhunt/images/post-1.jpg]
[demo.awaikenthemes.com/html-preview/spicyhunt/images/post-2.jpg]
[demo.awaikenthemes.com/html-preview/spicyhunt/images/post-3.jpg]
[demo.awaikenthemes.com/html-preview/spicyhunt/js/jquery-3.7.1.min.js]
[demo.awaikenthemes.com/html-preview/spicyhunt/js/bootstrap.min.js]
[demo.awaikenthemes.com/html-preview/spicyhunt/js/validator.min.js]
[demo.awaikenthemes.com/html-preview/spicyhunt/js/jquery.slicknav.js]
[demo.awaikenthemes.com/html-preview/spicyhunt/js/swiper-bundle.min.js]
[demo.awaikenthemes.com/html-preview/spicyhunt/js/jquery.waypoints.min.js]
[demo.awaikenthemes.com/html-preview/spicyhunt/js/jquery.counterup.min.js]
[demo.awaikenthemes.com/html-preview/spicyhunt/js/jquery.magnific-popup.min.js]
[demo.awaikenthemes.com/html-preview/spicyhunt/js/SmoothScroll.js]
[demo.awaikenthemes.com/html-preview/spicyhunt/js/parallaxie.js]
[demo.awaikenthemes.com/html-preview/spicyhunt/js/gsap.min.js]
[demo.awaikenthemes.com/html-preview/spicyhunt/js/magiccursor.js]
[demo.awaikenthemes.com/html-preview/spicyhunt/js/SplitText.js]
[demo.awaikenthemes.com/html-preview/spicyhunt/js/ScrollTrigger.min.js]
[demo.awaikenthemes.com/html-preview/spicyhunt/js/jquery.mb.YTPlayer.min.js]
[demo.awaikenthemes.com/html-preview/spicyhunt/js/wow.min.js]
[demo.awaikenthemes.com/html-preview/spicyhunt/js/function.js]
[demo.awaikenthemes.com/html-preview/spicyhunt/index.html]
[demo.awaikenthemes.com/html-preview/spicyhunt/css/bootstrap.min.css]
[demo.awaikenthemes.com/html-preview/spicyhunt/css/slicknav.min.css]
[demo.awaikenthemes.com/html-preview/spicyhunt/css/swiper-bundle.min.css]
[demo.awaikenthemes.com/html-preview/spicyhunt/webfonts/fa-brands-400.woff2]
[demo.awaikenthemes.com/html-preview/spicyhunt/webfonts/fa-brands-400.ttf]
[demo.awaikenthemes.com/html-preview/spicyhunt/webfonts/fa-regular-400.woff2]
[demo.awaikenthemes.com/html-preview/spicyhunt/webfonts/fa-regular-400.ttf]
[demo.awaikenthemes.com/html-preview/spicyhunt/webfonts/fa-solid-900.woff2]
[demo.awaikenthemes.com/html-preview/spicyhunt/webfonts/fa-solid-900.ttf]
[demo.awaikenthemes.com/html-preview/spicyhunt/webfonts/fa-v4compatibility.woff2]
[demo.awaikenthemes.com/html-preview/spicyhunt/webfonts/fa-v4compatibility.ttf]
[demo.awaikenthemes.com/html-preview/spicyhunt/css/all.min.css]
[demo.awaikenthemes.com/html-preview/spicyhunt/css/animate.css]
[demo.awaikenthemes.com/html-preview/spicyhunt/css/magnific-popup.css]
[demo.awaikenthemes.com/html-preview/spicyhunt/css/mousecursor.css]
[demo.awaikenthemes.com/html-preview/spicyhunt/images/hero-bg.jpg]
[demo.awaikenthemes.com/html-preview/spicyhunt/images/hero-bg-2.jpg]
[demo.awaikenthemes.com/html-preview/spicyhunt/images/chili-image.png]
[demo.awaikenthemes.com/html-preview/spicyhunt/images/burger-image.png]
[demo.awaikenthemes.com/html-preview/spicyhunt/images/pizza-img.png]
[demo.awaikenthemes.com/html-preview/spicyhunt/images/chili-image-2.png]
[demo.awaikenthemes.com/html-preview/spicyhunt/images/testimonials-bg.jpg]
[demo.awaikenthemes.com/html-preview/spicyhunt/images/page-header-bg.jpg]
[demo.awaikenthemes.com/html-preview/spicyhunt/css/custom.css]
[demo.awaikenthemes.com/html-preview/spicyhunt/images/loader.svg]
[demo.awaikenthemes.com/html-preview/spicyhunt/images/logo.svg]
[demo.awaikenthemes.com/html-preview/spicyhunt/index-2.html]
[demo.awaikenthemes.com/html-preview/spicyhunt/index-video.html]
[demo.awaikenthemes.com/html-preview/spicyhunt/index-slider.html]
[demo.awaikenthemes.com/html-preview/spicyhunt/images/our-mission-img.jpg]
[demo.awaikenthemes.com/html-preview/spicyhunt/images/our-vision-img.jpg]
[demo.awaikenthemes.com/html-preview/spicyhunt/images/our-value-img.jpg]
[demo.awaikenthemes.com/html-preview/spicyhunt/images/team-1.jpg]
[demo.awaikenthemes.com/html-preview/spicyhunt/images/team-2.jpg]
[demo.awaikenthemes.com/html-preview/spicyhunt/images/team-3.jpg]
[demo.awaikenthemes.com/html-preview/spicyhunt/images/team-4.jpg]
[demo.awaikenthemes.com/html-preview/spicyhunt/about.html]
[demo.awaikenthemes.com/html-preview/spicyhunt/services.html]
[demo.awaikenthemes.com/html-preview/spicyhunt/images/special-menu-img-1.jpg]
[demo.awaikenthemes.com/html-preview/spicyhunt/images/special-menu-img-2.jpg]
[demo.awaikenthemes.com/html-preview/spicyhunt/images/special-menu-img-3.jpg]
[demo.awaikenthemes.com/html-preview/spicyhunt/images/special-menu-img-4.jpg]
[demo.awaikenthemes.com/html-preview/spicyhunt/images/special-menu-img-5.jpg]
[demo.awaikenthemes.com/html-preview/spicyhunt/images/special-menu-img-6.jpg]
[demo.awaikenthemes.com/html-preview/spicyhunt/images/starters-img-1.png]
[demo.awaikenthemes.com/html-preview/spicyhunt/images/starters-img-2.png]
[demo.awaikenthemes.com/html-preview/spicyhunt/images/starters-img-3.png]
[demo.awaikenthemes.com/html-preview/spicyhunt/images/starters-img-4.png]
[demo.awaikenthemes.com/html-preview/spicyhunt/images/starters-img-5.png]
[demo.awaikenthemes.com/html-preview/spicyhunt/images/starters-img-6.png]
[demo.awaikenthemes.com/html-preview/spicyhunt/images/vegetables-img-1.png]
[demo.awaikenthemes.com/html-preview/spicyhunt/images/vegetables-img-2.png]
[demo.awaikenthemes.com/html-preview/spicyhunt/images/vegetables-img-3.png]
[demo.awaikenthemes.com/html-preview/spicyhunt/images/vegetables-img-4.png]
[demo.awaikenthemes.com/html-preview/spicyhunt/images/vegetables-img-5.png]
[demo.awaikenthemes.com/html-preview/spicyhunt/images/vegetables-img-6.png]
[demo.awaikenthemes.com/html-preview/spicyhunt/images/seafood-img-1.png]
[demo.awaikenthemes.com/html-preview/spicyhunt/images/seafood-img-2.png]
[demo.awaikenthemes.com/html-preview/spicyhunt/images/seafood-img-3.png]
[demo.awaikenthemes.com/html-preview/spicyhunt/images/seafood-img-4.png]
[demo.awaikenthemes.com/html-preview/spicyhunt/images/seafood-img-5.png]
[demo.awaikenthemes.com/html-preview/spicyhunt/images/seafood-img-6.png]
[demo.awaikenthemes.com/html-preview/spicyhunt/images/desserts-img-1.png]
[demo.awaikenthemes.com/html-preview/spicyhunt/images/desserts-img-2.png]
[demo.awaikenthemes.com/html-preview/spicyhunt/images/desserts-img-3.png]
[demo.awaikenthemes.com/html-preview/spicyhunt/images/desserts-img-4.png]
[demo.awaikenthemes.com/html-preview/spicyhunt/images/desserts-img-5.png]
[demo.awaikenthemes.com/html-preview/spicyhunt/images/desserts-img-6.png]
[demo.awaikenthemes.com/html-preview/spicyhunt/images/beverages-img-1.png]
[demo.awaikenthemes.com/html-preview/spicyhunt/images/beverages-img-2.png]
[demo.awaikenthemes.com/html-preview/spicyhunt/images/beverages-img-3.png]
[demo.awaikenthemes.com/html-preview/spicyhunt/images/beverages-img-4.png]
[demo.awaikenthemes.com/html-preview/spicyhunt/images/beverages-img-5.png]
[demo.awaikenthemes.com/html-preview/spicyhunt/images/beverages-img-6.png]
[demo.awaikenthemes.com/html-preview/spicyhunt/images/salads-img-1.png]
[demo.awaikenthemes.com/html-preview/spicyhunt/images/salads-img-2.png]
[demo.awaikenthemes.com/html-preview/spicyhunt/images/salads-img-3.png]
[demo.awaikenthemes.com/html-preview/spicyhunt/images/salads-img-4.png]
[demo.awaikenthemes.com/html-preview/spicyhunt/images/salads-img-5.png]
[demo.awaikenthemes.com/html-preview/spicyhunt/images/salads-img-6.png]
[demo.awaikenthemes.com/html-preview/spicyhunt/menu.html]
[demo.awaikenthemes.com/html-preview/spicyhunt/images/service-single-image.jpg]
[demo.awaikenthemes.com/html-preview/spicyhunt/images/service-entry-image.jpg]
[demo.awaikenthemes.com/html-preview/spicyhunt/service-single.html]
[demo.awaikenthemes.com/html-preview/spicyhunt/images/post-4.jpg]
[demo.awaikenthemes.com/html-preview/spicyhunt/images/post-5.jpg]
[demo.awaikenthemes.com/html-preview/spicyhunt/images/post-6.jpg]
[demo.awaikenthemes.com/html-preview/spicyhunt/blog.html]
[demo.awaikenthemes.com/html-preview/spicyhunt/blog-single.html]
[demo.awaikenthemes.com/html-preview/spicyhunt/images/team-5.jpg]
[demo.awaikenthemes.com/html-preview/spicyhunt/images/team-6.jpg]
[demo.awaikenthemes.com/html-preview/spicyhunt/images/team-7.jpg]
[demo.awaikenthemes.com/html-preview/spicyhunt/images/team-8.jpg]
[demo.awaikenthemes.com/html-preview/spicyhunt/chefs.html]
[demo.awaikenthemes.com/html-preview/spicyhunt/chef-single.html]
[demo.awaikenthemes.com/html-preview/spicyhunt/images/client-1.jpg]
[demo.awaikenthemes.com/html-preview/spicyhunt/images/client-2.jpg]
[demo.awaikenthemes.com/html-preview/spicyhunt/images/client-3.jpg]
[demo.awaikenthemes.com/html-preview/spicyhunt/images/client-4.jpg]
[demo.awaikenthemes.com/html-preview/spicyhunt/images/client-5.jpg]
[demo.awaikenthemes.com/html-preview/spicyhunt/images/client-6.jpg]
[demo.awaikenthemes.com/html-preview/spicyhunt/testimonial.html]
[demo.awaikenthemes.com/html-preview/spicyhunt/images/gallery-1.jpg]
[demo.awaikenthemes.com/html-preview/spicyhunt/images/gallery-2.jpg]
[demo.awaikenthemes.com/html-preview/spicyhunt/images/gallery-3.jpg]
[demo.awaikenthemes.com/html-preview/spicyhunt/images/gallery-4.jpg]
[demo.awaikenthemes.com/html-preview/spicyhunt/images/gallery-5.jpg]
[demo.awaikenthemes.com/html-preview/spicyhunt/images/gallery-6.jpg]
[demo.awaikenthemes.com/html-preview/spicyhunt/images/gallery-7.jpg]
[demo.awaikenthemes.com/html-preview/spicyhunt/images/gallery-8.jpg]
[demo.awaikenthemes.com/html-preview/spicyhunt/images/gallery-9.jpg]
[demo.awaikenthemes.com/html-preview/spicyhunt/image-gallery.html]
[demo.awaikenthemes.com/html-preview/spicyhunt/images/video-gallery-img-1.jpg]
[demo.awaikenthemes.com/html-preview/spicyhunt/images/video-gallery-img-2.jpg]
[demo.awaikenthemes.com/html-preview/spicyhunt/images/video-gallery-img-3.jpg]
[demo.awaikenthemes.com/html-preview/spicyhunt/images/video-gallery-img-4.jpg]
[demo.awaikenthemes.com/html-preview/spicyhunt/images/video-gallery-img-5.jpg]
[demo.awaikenthemes.com/html-preview/spicyhunt/images/video-gallery-img-6.jpg]
[demo.awaikenthemes.com/html-preview/spicyhunt/images/video-gallery-img-7.jpg]
[demo.awaikenthemes.com/html-preview/spicyhunt/images/video-gallery-img-8.jpg]
[demo.awaikenthemes.com/html-preview/spicyhunt/images/video-gallery-img-9.jpg]
[demo.awaikenthemes.com/html-preview/spicyhunt/video-gallery.html]
[demo.awaikenthemes.com/html-preview/spicyhunt/faqs.html]
[demo.awaikenthemes.com/html-preview/spicyhunt/images/404-error-img.png]
[demo.awaikenthemes.com/html-preview/spicyhunt/404.html]
[demo.awaikenthemes.com/html-preview/spicyhunt/contact.html]
[demo.awaikenthemes.com/html-preview/spicyhunt/images/icon-company-experience.svg]
[demo.awaikenthemes.com/html-preview/spicyhunt/images/icon-about-detail-1.svg]
[demo.awaikenthemes.com/html-preview/spicyhunt/images/icon-about-detail-2.svg]
[demo.awaikenthemes.com/html-preview/spicyhunt/images/icon-about-detail-3.svg]
[demo.awaikenthemes.com/html-preview/spicyhunt/images/icon-ingredients-list-1.svg]
[demo.awaikenthemes.com/html-preview/spicyhunt/images/icon-ingredients-list-2.svg]
[demo.awaikenthemes.com/html-preview/spicyhunt/images/icon-ingredients-list-3.svg]
[demo.awaikenthemes.com/html-preview/spicyhunt/images/icon-ingredient-counter-1.svg]
[demo.awaikenthemes.com/html-preview/spicyhunt/images/icon-ingredient-counter-2.svg]
[demo.awaikenthemes.com/html-preview/spicyhunt/images/icon-ingredient-counter-3.svg]
[demo.awaikenthemes.com/html-preview/spicyhunt/images/icon-ingredient-counter-4.svg]
[demo.awaikenthemes.com/html-preview/spicyhunt/images/testimonial-quote.svg]
[demo.awaikenthemes.com/html-preview/spicyhunt/images/icon-location.svg]
[demo.awaikenthemes.com/html-preview/spicyhunt/images/icon-phone.svg]
[demo.awaikenthemes.com/html-preview/spicyhunt/images/arrow-white.svg]
[demo.awaikenthemes.com/html-preview/spicyhunt/images/arrow-dark.svg]
[demo.awaikenthemes.com/html-preview/spicyhunt/images/arrow-accent.svg]
[demo.awaikenthemes.com/html-preview/spicyhunt/images/icon-blockquote.svg]
[demo.awaikenthemes.com/html-preview/spicyhunt/images/icon-service-1.svg]
[demo.awaikenthemes.com/html-preview/spicyhunt/images/icon-service-2.svg]
[demo.awaikenthemes.com/html-preview/spicyhunt/images/icon-service-3.svg]
[demo.awaikenthemes.com/html-preview/spicyhunt/images/icon-service-4.svg]
[demo.awaikenthemes.com/html-preview/spicyhunt/images/icon-service-5.svg]
[demo.awaikenthemes.com/html-preview/spicyhunt/images/icon-service-6.svg]
[demo.awaikenthemes.com/html-preview/spicyhunt/images/icon-sidebar-cta.svg]
[demo.awaikenthemes.com/html-preview/spicyhunt/images/icon-sidebar-cta-phone.svg]
